Component: ARM Compiler 6.16 Tool: armlink [5dfeaa00]

==============================================================================

Section Cross References

    2task.o(.text.Thread1) refers to 2task.o(.data.range_threshold) for range_threshold
    2task.o(.text.Thread1) refers to 2task.o(.bss.regs) for regs
    2task.o(.text.Thread1) refers to stm32l4xx_hal_gpio.o(.text.HAL_GPIO_WritePin) for HAL_GPIO_WritePin
    2task.o(.text.Thread1) refers to led.o(.text.LED_Off) for LED_Off
    2task.o(.text.Thread1) refers to led.o(.text.LED_On) for LED_On
    2task.o(.text.Thread1) refers to rtx_delay.o(.text.osDelay) for osDelay
    2task.o(.ARM.exidx.text.Thread1) refers to 2task.o(.text.Thread1) for [Anonymous Symbol]
    2task.o(.text.Thread2) refers to 2task.o(.bss.ledcontrol) for ledcontrol
    2task.o(.text.Thread2) refers to rtx_delay.o(.text.osDelay) for osDelay
    2task.o(.text.Thread2) refers to printfa.o(i.__0printf) for __2printf
    2task.o(.text.Thread2) refers to timer.o(.text.TIM_SetTIM3Compare3) for TIM_SetTIM3Compare3
    2task.o(.ARM.exidx.text.Thread2) refers to 2task.o(.text.Thread2) for [Anonymous Symbol]
    2task.o(.text.Thread3) refers to gpio.o(.text.MX_GPIO_Init) for MX_GPIO_Init
    2task.o(.text.Thread3) refers to usart3.o(.text.MX_USART1_UART_Init) for MX_USART1_UART_Init
    2task.o(.text.Thread3) refers to usart3.o(.text.MX_USART2_UART_Init) for MX_USART2_UART_Init
    2task.o(.text.Thread3) refers to usart3.o(.text.MX_USART3_UART_Init) for MX_USART3_UART_Init
    2task.o(.text.Thread3) refers to tim.o(.text.MX_TIM6_Init) for MX_TIM6_Init
    2task.o(.text.Thread3) refers to tim.o(.text.MX_TIM7_Init) for MX_TIM7_Init
    2task.o(.text.Thread3) refers to timer.o(.text.TIM3_PWM_Init) for TIM3_PWM_Init
    2task.o(.text.Thread3) refers to beep.o(.text.BEEP_Init) for BEEP_Init
    2task.o(.text.Thread3) refers to puts.o(i.puts) for puts
    2task.o(.text.Thread3) refers to delay.o(.text.delay_init) for delay_init
    2task.o(.text.Thread3) refers to drv_serial.o(i.drv_serial_init) for drv_serial_init
    2task.o(.text.Thread3) refers to hts221_iic_device.o(.text.HTS221_IIC_Init) for HTS221_IIC_Init
    2task.o(.text.Thread3) refers to 2task.o(.text.infrared_gpio_init) for infrared_gpio_init
    2task.o(.text.Thread3) refers to 2task.o(.text.__task_before_init) for __task_before_init
    2task.o(.text.Thread3) refers to 2task.o(.text.aliyun_gettopic) for aliyun_gettopic
    2task.o(.text.Thread3) refers to 2task.o(.data.ProductKey) for ProductKey
    2task.o(.text.Thread3) refers to 2task.o(.bss.dev_meta) for dev_meta
    2task.o(.text.Thread3) refers to strcpy.o(.text) for strcpy
    2task.o(.text.Thread3) refers to 2task.o(.data.DeviceName) for DeviceName
    2task.o(.text.Thread3) refers to 2task.o(.data.DeviceSecret) for DeviceSecret
    2task.o(.text.Thread3) refers to 2task.o(.bss.sign_mqtt) for sign_mqtt
    2task.o(.text.Thread3) refers to sign_mqtt.o(i.IOT_Sign_MQTT) for IOT_Sign_MQTT
    2task.o(.text.Thread3) refers to 2task.o(.data.mqttdata) for mqttdata
    2task.o(.text.Thread3) refers to 2task.o(.bss.link_buff) for link_buff
    2task.o(.text.Thread3) refers to 2task.o(.bss.BUFF) for BUFF
    2task.o(.text.Thread3) refers to 2task.o(.bss.link_len) for link_len
    2task.o(.text.Thread3) refers to 2task.o(.bss.LEN) for LEN
    2task.o(.text.Thread3) refers to memseta.o(.text) for __aeabi_memclr4
    2task.o(.text.Thread3) refers to mqttconnectclient.o(i.MQTTSerialize_connect) for MQTTSerialize_connect
    2task.o(.text.Thread3) refers to transport.o(.text.transport_sendPacketBuffer) for transport_sendPacketBuffer
    2task.o(.text.Thread3) refers to stm32l4xx_hal.o(.text.HAL_Delay) for HAL_Delay
    2task.o(.text.Thread3) refers to drv_serial.o(i.drv_serial_read) for drv_serial_read
    2task.o(.text.Thread3) refers to 2task.o(.bss.regs) for regs
    2task.o(.text.Thread3) refers to 2task.o(.bss.cnt_ping) for cnt_ping
    2task.o(.text.Thread3) refers to 2task.o(.bss.send_time) for send_time
    2task.o(.text.Thread3) refers to 2task.o(.bss.publish_buff) for publish_buff
    2task.o(.text.Thread3) refers to 2task.o(.bss.len_temp) for len_temp
    2task.o(.text.Thread3) refers to rtx_delay.o(.text.osDelay) for osDelay
    2task.o(.text.Thread3) refers to 2task.o(.text.updata) for updata
    2task.o(.text.Thread3) refers to cc811.o(.text.CCS811GetData) for CCS811GetData
    2task.o(.text.Thread3) refers to cc811.o(.bss.eco2) for eco2
    2task.o(.text.Thread3) refers to cc811.o(.bss.tvoc) for tvoc
    2task.o(.text.Thread3) refers to printfa.o(i.__0printf) for __2printf
    2task.o(.text.Thread3) refers to hts221_iic_device.o(.text.HTS221_Device_Get_Temperature_Humidity) for HTS221_Device_Get_Temperature_Humidity
    2task.o(.text.Thread3) refers to f2d.o(.text) for __aeabi_f2d
    2task.o(.text.Thread3) refers to 2task.o(.rodata.str1.1) for .L.str.9
    2task.o(.text.Thread3) refers to 2task.o(.text.property_post_create_packet) for property_post_create_packet
[...]
    USART2_IRQHandler                        0x080001b7   Thumb Code     0  startup_stm32l476xx.o(.text)
    WWDG_IRQHandler                          0x080001b7   Thumb Code     0  startup_stm32l476xx.o(.text)
    SVC_Handler                              0x080001c1   Thumb Code   154  irq_armv7m.o(.text)
    PendSV_Handler                           0x0800025b   Thumb Code    16  irq_armv7m.o(.text)
    SysTick_Handler                          0x0800026b   Thumb Code    16  irq_armv7m.o(.text)
    __aeabi_uldivmod                         0x08000295   Thumb Code    98  uldiv.o(.text)
    __aeabi_memcpy                           0x080002fd   Thumb Code    36  memcpya.o(.text)
    __aeabi_memcpy4                          0x080002fd   Thumb Code     0  memcpya.o(.text)
    __aeabi_memcpy8                          0x080002fd   Thumb Code     0  memcpya.o(.text)
    __aeabi_memset                           0x08000321   Thumb Code    14  memseta.o(.text)
    __aeabi_memset4                          0x08000321   Thumb Code     0  memseta.o(.text)
    __aeabi_memset8                          0x08000321   Thumb Code     0  memseta.o(.text)
    __aeabi_memclr                           0x0800032f   Thumb Code     4  memseta.o(.text)
    __aeabi_memclr4                          0x0800032f   Thumb Code     0  memseta.o(.text)
    __aeabi_memclr8                          0x0800032f   Thumb Code     0  memseta.o(.text)
    _memset$wrapper                          0x08000333   Thumb Code    18  memseta.o(.text)
    strstr                                   0x08000345   Thumb Code    36  strstr.o(.text)
    strlen                                   0x08000369   Thumb Code    14  strlen.o(.text)
    strcpy                                   0x08000377   Thumb Code    18  strcpy.o(.text)
    __aeabi_f2d                              0x08000389   Thumb Code    38  f2d.o(.text)
    __aeabi_uidiv                            0x080003af   Thumb Code     0  uidiv.o(.text)
    __aeabi_uidivmod                         0x080003af   Thumb Code    44  uidiv.o(.text)
    __aeabi_llsl                             0x080003db   Thumb Code    30  llshl.o(.text)
    _ll_shift_l                              0x080003db   Thumb Code     0  llshl.o(.text)
    __aeabi_llsr                             0x080003f9   Thumb Code    32  llushr.o(.text)
    _ll_ushift_r                             0x080003f9   Thumb Code     0  llushr.o(.text)
    __I$use$fp                               0x08000419   Thumb Code     0  iusefp.o(.text)
    __aeabi_dadd                             0x08000419   Thumb Code   322  dadd.o(.text)
    __aeabi_dsub                             0x0800055b   Thumb Code     6  dadd.o(.text)
    __aeabi_drsub                            0x08000561   Thumb Code     6  dadd.o(.text)
    __aeabi_dmul                             0x08000577   Thumb Code   228  dmul.o(.text)
    __aeabi_ddiv                             0x08000661   Thumb Code   222  ddiv.o(.text)
    __aeabi_d2ulz                            0x0800073f   Thumb Code    48  dfixul.o(.text)
    __aeabi_cdrcmple                         0x08000771   Thumb Code    48  cdrcmple.o(.text)
    __scatterload                            0x080007a1   Thumb Code    28  init.o(.text)
    __scatterload_rt2                        0x080007a1   Thumb Code     0  init.o(.text)
    __aeabi_lasr                             0x080007c5   Thumb Code    36  llsshr.o(.text)
    _ll_sshift_r                             0x080007c5   Thumb Code     0  llsshr.o(.text)
    _double_round                            0x080007e9   Thumb Code    30  depilogue.o(.text)
    _double_epilogue                         0x08000807   Thumb Code   156  depilogue.o(.text)
    __decompress                             0x080008a3   Thumb Code     0  __dczerorl.o(.text)
    __decompress0                            0x080008a3   Thumb Code    58  __dczerorl.o(.text)
    BEEP_Init                                0x080008dd   Thumb Code    74  beep.o(.text.BEEP_Init)
    CCS811GetData                            0x08000929   Thumb Code   160  cc811.o(.text.CCS811GetData)
    CCS811_ReadReg                           0x080009c9   Thumb Code    56  cc811.o(.text.CCS811_ReadReg)
    Data_reporting                           0x08000a01   Thumb Code   180  2task.o(.text.Data_reporting)
    Error_Handler                            0x08000b15   Thumb Code     6  main.o(.text.Error_Handler)
    HAL_DMA_Abort_IT                         0x08000b1d   Thumb Code    88  stm32l4xx_hal_dma.o(.text.HAL_DMA_Abort_IT)
    HAL_DMA_GetState                         0x08000b75   Thumb Code     6  stm32l4xx_hal_dma.o(.text.HAL_DMA_GetState)
    HAL_Delay                                0x08000b7d   Thumb Code    40  stm32l4xx_hal.o(.text.HAL_Delay)
    HAL_GPIO_Init                            0x08000ba5   Thumb Code   438  stm32l4xx_hal_gpio.o(.text.HAL_GPIO_Init)
    HAL_GPIO_TogglePin                       0x08000d61   Thumb Code    16  stm32l4xx_hal_gpio.o(.text.HAL_GPIO_TogglePin)
    HAL_GPIO_WritePin                        0x08000d71   Thumb Code    12  stm32l4xx_hal_gpio.o(.text.HAL_GPIO_WritePin)
    HAL_GetTick                              0x08000d7d   Thumb Code    80  app_main.o(.text.HAL_GetTick)
    HAL_I2CEx_ConfigAnalogFilter             0x08000dcd   Thumb Code    74  stm32l4xx_hal_i2c_ex.o(.text.HAL_I2CEx_ConfigAnalogFilter)
    HAL_I2CEx_ConfigDigitalFilter            0x08000e19   Thumb Code    72  stm32l4xx_hal_i2c_ex.o(.text.HAL_I2CEx_ConfigDigitalFilter)
    HAL_I2C_AbortCpltCallback                0x08000e61   Thumb Code    20  i2c_stm32l4xx.o(.text.HAL_I2C_AbortCpltCallback)
    HAL_I2C_AddrCallback                     0x08000e75   Thumb Code   130  i2c_stm32l4xx.o(.text.HAL_I2C_AddrCallback)
    HAL_I2C_ER_IRQHandler                    0x08000ef9   Thumb Code    98  stm32l4xx_hal_i2c.o(.text.HAL_I2C_ER_IRQHandler)
    HAL_I2C_EV_IRQHandler                    0x08000f5d   Thumb Code    18  stm32l4xx_hal_i2c.o(.text.HAL_I2C_EV_IRQHandler)
    HAL_I2C_EnableListen_IT                  0x08000f71   Thumb Code    42  stm32l4xx_hal_i2c.o(.text.HAL_I2C_EnableListen_IT)
    HAL_I2C_ErrorCallback                    0x08000f9d   Thumb Code   104  i2c_stm32l4xx.o(.text.HAL_I2C_ErrorCallback)
    HAL_I2C_GetError                         0x08001005   Thumb Code     4  stm32l4xx_hal_i2c.o(.text.HAL_I2C_GetError)
    HAL_I2C_Init                             0x08001009   Thumb Code   162  stm32l4xx_hal_i2c.o(.text.HAL_I2C_Init)
    HAL_I2C_ListenCpltCallback               0x080010ad   Thumb Code    20  i2c_stm32l4xx.o(.text.HAL_I2C_ListenCpltCallback)
    HAL_I2C_MasterRxCpltCallback             0x080010c1   Thumb Code    34  i2c_stm32l4xx.o(.text.HAL_I2C_MasterRxCpltCallback)
    HAL_I2C_MasterTxCpltCallback             0x080010e5   Thumb Code    34  i2c_stm32l4xx.o(.text.HAL_I2C_MasterTxCpltCallback)
    HAL_I2C_Master_Receive                   0x08001109   Thumb Code   338  stm32l4xx_hal_i2c.o(.text.HAL_I2C_Master_Receive)
    HAL_I2C_Master_Transmit                  0x0800125d   Thumb Code   334  stm32l4xx_hal_i2c.o(.text.HAL_I2C_Master_Transmit)
    HAL_I2C_MemRxCpltCallback                0x080013ad   Thumb Code     2  stm32l4xx_hal_i2c.o(.text.HAL_I2C_MemRxCpltCallback)
    HAL_I2C_MemTxCpltCallback                0x080013b1   Thumb Code     2  stm32l4xx_hal_i2c.o(.text.HAL_I2C_MemTxCpltCallback)
    HAL_I2C_MspInit                          0x080013b5   Thumb Code   180  stm32l4xx_hal_msp.o(.text.HAL_I2C_MspInit)
    HAL_I2C_SlaveRxCpltCallback              0x08001469   Thumb Code    56  i2c_stm32l4xx.o(.text.HAL_I2C_SlaveRxCpltCallback)
    HAL_I2C_SlaveTxCpltCallback              0x080014a1   Thumb Code    56  i2c_stm32l4xx.o(.text.HAL_I2C_SlaveTxCpltCallback)
    HAL_Init                                 0x080014d9   Thumb Code    30  stm32l4xx_hal.o(.text.HAL_Init)
    HAL_InitTick                             0x080014f9   Thumb Code    86  stm32l4xx_hal.o(.text.HAL_InitTick)
    HAL_MspInit                              0x08001551   Thumb Code    50  stm32l4xx_hal_msp.o(.text.HAL_MspInit)
    HAL_NVIC_EnableIRQ                       0x08001585   Thumb Code     8  stm32l4xx_hal_cortex.o(.text.HAL_NVIC_EnableIRQ)
    HAL_NVIC_SetPriority                     0x0800158d   Thumb Code    30  stm32l4xx_hal_cortex.o(.text.HAL_NVIC_SetPriority)
    HAL_NVIC_SetPriorityGrouping             0x080015ad   Thumb Code     8  stm32l4xx_hal_cortex.o(.text.HAL_NVIC_SetPriorityGrouping)
    HAL_PWREx_ControlVoltageScaling          0x080015b5   Thumb Code   118  stm32l4xx_hal_pwr_ex.o(.text.HAL_PWREx_ControlVoltageScaling)
    HAL_PWREx_GetVoltageRange                0x0800162d   Thumb Code    16  stm32l4xx_hal_pwr_ex.o(.text.HAL_PWREx_GetVoltageRange)
    HAL_RCCEx_PeriphCLKConfig                0x0800163d   Thumb Code   956  stm32l4xx_hal_rcc_ex.o(.text.HAL_RCCEx_PeriphCLKConfig)
    HAL_RCC_ClockConfig                      0x080019f9   Thumb Code   352  stm32l4xx_hal_rcc.o(.text.HAL_RCC_ClockConfig)
    HAL_RCC_GetHCLKFreq                      0x08001b59   Thumb Code    12  stm32l4xx_hal_rcc.o(.text.HAL_RCC_GetHCLKFreq)
    HAL_RCC_GetPCLK1Freq                     0x08001b65   Thumb Code    38  stm32l4xx_hal_rcc.o(.text.HAL_RCC_GetPCLK1Freq)
    HAL_RCC_GetPCLK2Freq                     0x08001b8d   Thumb Code    38  stm32l4xx_hal_rcc.o(.text.HAL_RCC_GetPCLK2Freq)
    HAL_RCC_GetSysClockFreq                  0x08001bb5   Thumb Code   192  stm32l4xx_hal_rcc.o(.text.HAL_RCC_GetSysClockFreq)
    HAL_RCC_OscConfig                        0x08001c75   Thumb Code  1438  stm32l4xx_hal_rcc.o(.text.HAL_RCC_OscConfig)
    HAL_SYSTICK_CLKSourceConfig              0x08002215   Thumb Code    24  stm32l4xx_hal_cortex.o(.text.HAL_SYSTICK_CLKSourceConfig)
    HAL_SYSTICK_Config                       0x0800222d   Thumb Code     8  stm32l4xx_hal_cortex.o(.text.HAL_SYSTICK_Config)
    HAL_TIMEx_Break2Callback                 0x08002235   Thumb Code     2  stm32l4xx_hal_tim_ex.o(.text.HAL_TIMEx_Break2Callback)
    HAL_TIMEx_BreakCallback                  0x08002239   Thumb Code     2  stm32l4xx_hal_tim_ex.o(.text.HAL_TIMEx_BreakCallback)
    HAL_TIMEx_CommutCallback                 0x0800223d   Thumb Code     2  stm32l4xx_hal_tim_ex.o(.text.HAL_TIMEx_CommutCallback)
    HAL_TIMEx_MasterConfigSynchronization    0x08002241   Thumb Code   194  stm32l4xx_hal_tim_ex.o(.text.HAL_TIMEx_MasterConfigSynchronization)
    HAL_TIM_Base_Init                        0x08002305   Thumb Code    98  stm32l4xx_hal_tim.o(.text.HAL_TIM_Base_Init)
    HAL_TIM_Base_MspInit                     0x08002369   Thumb Code   158  tim.o(.text.HAL_TIM_Base_MspInit)
    HAL_TIM_Base_Start_IT                    0x08002409   Thumb Code   176  stm32l4xx_hal_tim.o(.text.HAL_TIM_Base_Start_IT)
    HAL_TIM_Base_Stop_IT                     0x080024b9   Thumb Code    50  stm32l4xx_hal_tim.o(.text.HAL_TIM_Base_Stop_IT)
    HAL_TIM_IC_CaptureCallback               0x080024ed   Thumb Code     2  stm32l4xx_hal_tim.o(.text.HAL_TIM_IC_CaptureCallback)
    HAL_TIM_IRQHandler                       0x080024f1   Thumb Code   392  stm32l4xx_hal_tim.o(.text.HAL_TIM_IRQHandler)
    HAL_TIM_MspPostInit                      0x08002679   Thumb Code   112  timer.o(.text.HAL_TIM_MspPostInit)
    HAL_TIM_OC_DelayElapsedCallback          0x080026e9   Thumb Code     2  stm32l4xx_hal_tim.o(.text.HAL_TIM_OC_DelayElapsedCallback)
    HAL_TIM_PWM_ConfigChannel                0x080026ed   Thumb Code   184  stm32l4xx_hal_tim.o(.text.HAL_TIM_PWM_ConfigChannel)
    HAL_TIM_PWM_Init                         0x080027a5   Thumb Code    98  stm32l4xx_hal_tim.o(.text.HAL_TIM_PWM_Init)
    HAL_TIM_PWM_MspInit                      0x08002809   Thumb Code    50  timer.o(.text.HAL_TIM_PWM_MspInit)
    HAL_TIM_PWM_PulseFinishedCallback        0x0800283d   Thumb Code     2  stm32l4xx_hal_tim.o(.text.HAL_TIM_PWM_PulseFinishedCallback)
    HAL_TIM_PWM_Start                        0x08002841   Thumb Code   430  stm32l4xx_hal_tim.o(.text.HAL_TIM_PWM_Start)
    HAL_TIM_PeriodElapsedCallback            0x080029f1   Thumb Code     8  serial_port.o(.text.HAL_TIM_PeriodElapsedCallback)
    HAL_TIM_TriggerCallback                  0x080029f9   Thumb Code     2  stm32l4xx_hal_tim.o(.text.HAL_TIM_TriggerCallback)
    HAL_UARTEx_WakeupCallback                0x080029fd   Thumb Code     2  stm32l4xx_hal_uart_ex.o(.text.HAL_UARTEx_WakeupCallback)
    HAL_UART_ErrorCallback                   0x08002a01   Thumb Code     2  stm32l4xx_hal_uart.o(.text.HAL_UART_ErrorCallback)
    HAL_UART_IRQHandler                      0x08002a05   Thumb Code   350  stm32l4xx_hal_uart.o(.text.HAL_UART_IRQHandler)
    HAL_UART_Init                            0x08002b65   Thumb Code    94  stm32l4xx_hal_uart.o(.text.HAL_UART_Init)
    HAL_UART_MspInit                         0x08002bc5   Thumb Code   326  usart3.o(.text.HAL_UART_MspInit)
    HAL_UART_Receive_IT                      0x08002d0d   Thumb Code   172  stm32l4xx_hal_uart.o(.text.HAL_UART_Receive_IT)
    HAL_UART_RxCpltCallback                  0x08002db9   Thumb Code     8  serial_port.o(.text.HAL_UART_RxCpltCallback)
    HAL_UART_Transmit                        0x08002dc1   Thumb Code   212  stm32l4xx_hal_uart.o(.text.HAL_UART_Transmit)
    HAL_UART_TxCpltCallback                  0x08002e95   Thumb Code     2  stm32l4xx_hal_uart.o(.text.HAL_UART_TxCpltCallback)
    HTS221_Device_Get_Temperature_Humidity   0x08002e99   Thumb Code   246  hts221_iic_device.o(.text.HTS221_Device_Get_Temperature_Humidity)
    HTS221_IIC_Init                          0x08002f91   Thumb Code    58  hts221_iic_device.o(.text.HTS221_IIC_Init)
    HTS221_ReadReg                           0x08002fcd   Thumb Code    64  hts221_iic_device.o(.text.HTS221_ReadReg)
    HTS221_WriteReg                          0x0800300d   Thumb Code    44  hts221_iic_device.o(.text.HTS221_WriteReg)
    I2C1_ER_IRQHandler                       0x08003039   Thumb Code    16  stm32l4xx_it.o(.text.I2C1_ER_IRQHandler)
    I2C1_EV_IRQHandler                       0x08003049   Thumb Code    16  stm32l4xx_it.o(.text.I2C1_EV_IRQHandler)
    LED_Initialize                           0x08003c1d   Thumb Code    86  led.o(.text.LED_Initialize)
    LED_Off                                  0x08003c75   Thumb Code    28  led.o(.text.LED_Off)
    LED_On                                   0x08003c91   Thumb Code    28  led.o(.text.LED_On)
    LED_Toggle                               0x08003cad   Thumb Code    26  led.o(.text.LED_Toggle)
    MX_GPIO_Init                             0x08003cc9   Thumb Code   168  gpio.o(.text.MX_GPIO_Init)
    MX_I2C1_Init                             0x08003d71   Thumb Code    92  main.o(.text.MX_I2C1_Init)
    MX_TIM6_Init                             0x08003dcd   Thumb Code    86  tim.o(.text.MX_TIM6_Init)
    MX_TIM7_Init                             0x08003e25   Thumb Code    84  tim.o(.text.MX_TIM7_Init)
    MX_USART1_UART_Init                      0x08003e79   Thumb Code    60  usart3.o(.text.MX_USART1_UART_Init)
    MX_USART2_UART_Init                      0x08003eb5   Thumb Code    60  usart3.o(.text.MX_USART2_UART_Init)
    MX_USART3_UART_Init                      0x08003ef1   Thumb Code    60  usart3.o(.text.MX_USART3_UART_Init)
    OS_Tick_AcknowledgeIRQ                   0x0800400d   Thumb Code     8  os_systick.o(.text.OS_Tick_AcknowledgeIRQ)
    OS_Tick_Enable                           0x08004015   Thumb Code    32  os_systick.o(.text.OS_Tick_Enable)
    OS_Tick_GetIRQn                          0x08004039   Thumb Code     6  os_systick.o(.text.OS_Tick_GetIRQn)
    OS_Tick_Setup                            0x08004041   Thumb Code    48  os_systick.o(.text.OS_Tick_Setup)
    SystemClock_Config                       0x08004451   Thumb Code   110  main.o(.text.SystemClock_Config)
    SystemInit                               0x080044c1   Thumb Code    82  system_stm32l4xx.o(.text.SystemInit)
    TIM2_IRQHandler                          0x08004515   Thumb Code    26  timer.o(.text.TIM2_IRQHandler)
    TIM3_PWM_Init                            0x08004531   Thumb Code   118  timer.o(.text.TIM3_PWM_Init)
    TIM6_DAC_IRQHandler                      0x080045a9   Thumb Code    16  tim.o(.text.TIM6_DAC_IRQHandler)
    TIM7_IRQHandler                          0x080045b9   Thumb Code    16  tim.o(.text.TIM7_IRQHandler)
    TIM_Base_SetConfig                       0x080045c9   Thumb Code   290  stm32l4xx_hal_tim.o(.text.TIM_Base_SetConfig)
    TIM_CCxChannelCmd                        0x080046ed   Thumb Code    36  stm32l4xx_hal_tim.o(.text.TIM_CCxChannelCmd)
    TIM_OC2_SetConfig                        0x08004791   Thumb Code   144  stm32l4xx_hal_tim.o(.text.TIM_OC2_SetConfig)
    TIM_SetTIM3Compare3                      0x080049d1   Thumb Code    12  timer.o(.text.TIM_SetTIM3Compare3)
    Thread1                                  0x080049dd   Thumb Code    92  2task.o(.text.Thread1)
    Thread2                                  0x08004a39   Thumb Code    48  2task.o(.text.Thread2)
    Thread3                                  0x08004aa9   Thumb Code   584  2task.o(.text.Thread3)
    UART_AdvFeatureConfig                    0x08004e15   Thumb Code   230  stm32l4xx_hal_uart.o(.text.UART_AdvFeatureConfig)
    UART_CheckIdleState                      0x08004efd   Thumb Code   102  stm32l4xx_hal_uart.o(.text.UART_CheckIdleState)
    UART_SetConfig                           0x08005069   Thumb Code   584  stm32l4xx_hal_uart.o(.text.UART_SetConfig)
    UART_WaitOnFlagUntilTimeout              0x080052d1   Thumb Code   174  stm32l4xx_hal_uart.o(.text.UART_WaitOnFlagUntilTimeout)
    USART3_IRQHandler                        0x08005381   Thumb Code    16  usart3.o(.text.USART3_IRQHandler)
    __exit_transmission                      0x08005405   Thumb Code    48  bsp_wifi.o(.text.__exit_transmission)
    __task_before_init                       0x08005449   Thumb Code    18  2task.o(.text.__task_before_init)
    aliyun_gettopic                          0x0800545d   Thumb Code   172  2task.o(.text.aliyun_gettopic)
    app_main                                 0x08005529   Thumb Code    34  app_main.o(.text.app_main)
    app_main_2task                           0x0800554d   Thumb Code    82  2task.o(.text.app_main_2task)
    delay_init                               0x080055a1   Thumb Code    22  delay.o(.text.delay_init)
    delay_ms                                 0x080055b9   Thumb Code    26  delay.o(.text.delay_ms)
    delay_us                                 0x080055d5   Thumb Code    58  delay.o(.text.delay_us)
    findstr                                  0x08005611   Thumb Code    60  2task.o(.text.findstr)
    fputc                                    0x0800564d   Thumb Code    32  usart3.o(.text.fputc)
    infrared_gpio_init                       0x0800566d   Thumb Code    70  2task.o(.text.infrared_gpio_init)
    main                                     0x080056b5   Thumb Code    34  main.o(.text.main)
    osDelay                                  0x080056d9   Thumb Code    32  rtx_delay.o(.text.osDelay)
    osKernelGetState                         0x080056fd   Thumb Code    40  rtx_kernel.o(.text.osKernelGetState)
    osKernelGetTickCount                     0x08005729   Thumb Code    32  rtx_kernel.o(.text.osKernelGetTickCount)
    osKernelInitialize                       0x0800574d   Thumb Code    40  rtx_kernel.o(.text.osKernelInitialize)
    osKernelStart                            0x08005779   Thumb Code    32  rtx_kernel.o(.text.osKernelStart)
    osMessageQueueGet                        0x0800579d   Thumb Code   108  rtx_msgqueue.o(.text.osMessageQueueGet)
    osMessageQueuePut                        0x0800580d   Thumb Code   124  rtx_msgqueue.o(.text.osMessageQueuePut)
    osRtxErrorNotify                         0x0800588d   Thumb Code     2  rtx_config.o(.text.osRtxErrorNotify)
    osRtxIdleThread                          0x08005891   Thumb Code     2  rtx_config.o(.text.osRtxIdleThread)
    osRtxKernelErrorNotify                   0x08005893   Thumb Code     4  rtx_kernel.o(.text.osRtxKernelErrorNotify)
    osRtxKernelPreInit                       0x08005897   Thumb Code     2  rtx_kernel.o(.text.osRtxKernelPreInit)
    osRtxMemoryAlloc                         0x08005899   Thumb Code   108  rtx_memory.o(.text.osRtxMemoryAlloc)
    osRtxMemoryFree                          0x08005905   Thumb Code    66  rtx_memory.o(.text.osRtxMemoryFree)
    osRtxMemoryInit                          0x08005947   Thumb Code    54  rtx_memory.o(.text.osRtxMemoryInit)
    osRtxMemoryPoolAlloc                     0x0800597d   Thumb Code    58  rtx_mempool.o(.text.osRtxMemoryPoolAlloc)
    osRtxMemoryPoolFree                      0x080059b7   Thumb Code    74  rtx_mempool.o(.text.osRtxMemoryPoolFree)
    osRtxMemoryPoolInit                      0x08005a01   Thumb Code    56  rtx_mempool.o(.text.osRtxMemoryPoolInit)
    osRtxMessageQueueTimerSetup              0x08005ae5   Thumb Code    32  rtx_msgqueue.o(.text.osRtxMessageQueueTimerSetup)
    osRtxMutexOwnerRelease                   0x08005b0d   Thumb Code    72  rtx_mutex.o(.text.osRtxMutexOwnerRelease)
    osRtxMutexOwnerRestore                   0x08005b55   Thumb Code    66  rtx_mutex.o(.text.osRtxMutexOwnerRestore)
    osRtxPendSV_Handler                      0x08005b99   Thumb Code   136  rtx_system.o(.text.osRtxPendSV_Handler)
    osRtxPostProcess                         0x08005c21   Thumb Code   108  rtx_system.o(.text.osRtxPostProcess)
    osRtxThreadDelayTick                     0x08005d7d   Thumb Code    72  rtx_thread.o(.text.osRtxThreadDelayTick)
    osRtxThreadDispatch                      0x08005de5   Thumb Code    80  rtx_thread.o(.text.osRtxThreadDispatch)
    osRtxThreadListGet                       0x08005eab   Thumb Code    18  rtx_thread.o(.text.osRtxThreadListGet)
    osRtxThreadListPut                       0x08005ebd   Thumb Code    44  rtx_thread.o(.text.osRtxThreadListPut)
    osRtxThreadListRemove                    0x08005ee9   Thumb Code    20  rtx_thread.o(.text.osRtxThreadListRemove)
    osRtxThreadListSort                      0x08005f09   Thumb Code    38  rtx_thread.o(.text.osRtxThreadListSort)
    osRtxThreadReadyPut                      0x08005f59   Thumb Code    16  rtx_thread.o(.text.osRtxThreadReadyPut)
    osRtxThreadRegPtr                        0x08005f6d   Thumb Code    20  rtx_thread.o(.text.osRtxThreadRegPtr)
    osRtxThreadStartup                       0x08005f81   Thumb Code    48  rtx_thread.o(.text.osRtxThreadStartup)
    osRtxThreadSwitch                        0x08005fb9   Thumb Code    12  rtx_thread.o(.text.osRtxThreadSwitch)
    osRtxThreadWaitEnter                     0x08005fc5   Thumb Code    56  rtx_thread.o(.text.osRtxThreadWaitEnter)
    osRtxThreadWaitExit                      0x08006001   Thumb Code    48  rtx_thread.o(.text.osRtxThreadWaitExit)
    osRtxTick_Handler                        0x08006031   Thumb Code   116  rtx_system.o(.text.osRtxTick_Handler)
    osRtxTimerSetup                          0x080060a9   Thumb Code    24  rtx_timer.o(.text.osRtxTimerSetup)
    osRtxTimerThread                         0x080060c9   Thumb Code    32  rtx_timer.o(.text.osRtxTimerThread)
    osThreadExit                             0x08006159   Thumb Code     8  rtx_thread.o(.text.osThreadExit)
    osThreadNew                              0x08006165   Thumb Code    32  rtx_thread.o(.text.osThreadNew)
    property_post_create_packet              0x08006189   Thumb Code   252  2task.o(.text.property_post_create_packet)
    transport_sendPacketBuffer               0x08006969   Thumb Code    48  transport.o(.text.transport_sendPacketBuffer)
    updata                                   0x08006999   Thumb Code   204  2task.o(.text.updata)
    wifi_init                                0x08006aad   Thumb Code   136  bsp_wifi.o(.text.wifi_init)
    wifi_sta_mode                            0x08006b45   Thumb Code   388  bsp_wifi.o(.text.wifi_sta_mode)
    IOT_Sign_MQTT                            0x08006cc9   Thumb Code   406  sign_mqtt.o(i.IOT_Sign_MQTT)
    MQTTPacket_encode                        0x08006e6d   Thumb Code    42  mqttpacket.o(i.MQTTPacket_encode)
    MQTTPacket_len                           0x08006e99   Thumb Code    34  mqttpacket.o(i.MQTTPacket_len)
    MQTTSerialize_connect                    0x08006ec1   Thumb Code   262  mqttconnectclient.o(i.MQTTSerialize_connect)
    MQTTSerialize_connectLength              0x08006fd9   Thumb Code   118  mqttconnectclient.o(i.MQTTSerialize_connectLength)
    MQTTSerialize_pingreq                    0x0800704f   Thumb Code     6  mqttconnectclient.o(i.MQTTSerialize_pingreq)
    MQTTSerialize_publish                    0x08007055   Thumb Code   134  mqttserializepublish.o(i.MQTTSerialize_publish)
    MQTTSerialize_publishLength              0x080070e1   Thumb Code    30  mqttserializepublish.o(i.MQTTSerialize_publishLength)
    MQTTSerialize_zero                       0x080070ff   Thumb Code    50  mqttconnectclient.o(i.MQTTSerialize_zero)
    MQTTstrlen                               0x08007131   Thumb Code    14  mqttpacket.o(i.MQTTstrlen)
    USARTx_SendString                        0x0800713f   Thumb Code    38  drv_serial.o(i.USARTx_SendString)
    USARTx_Send_Len_String                   0x08007165   Thumb Code    24  drv_serial.o(i.USARTx_Send_Len_String)
    __0printf                                0x0800717d   Thumb Code    22  printfa.o(i.__0printf)
    __1printf                                0x0800717d   Thumb Code     0  printfa.o(i.__0printf)
    __2printf                                0x0800717d   Thumb Code     0  printfa.o(i.__0printf)
    __c89printf                              0x0800717d   Thumb Code     0  printfa.o(i.__0printf)
    printf                                   0x0800717d   Thumb Code     0  printfa.o(i.__0printf)
    __0sprintf                               0x0800719d   Thumb Code    34  printfa.o(i.__0sprintf)
    __1sprintf                               0x0800719d   Thumb Code     0  printfa.o(i.__0sprintf)
    __2sprintf                               0x0800719d   Thumb Code     0  printfa.o(i.__0sprintf)
    __c89sprintf                             0x0800719d   Thumb Code     0  printfa.o(i.__0sprintf)
    sprintf                                  0x0800719d   Thumb Code     0  printfa.o(i.__0sprintf)
    __check_cmd                              0x080071c5   Thumb Code     8  drv_serial.o(i.__check_cmd)
    __scatterload_copy                       0x080071d1   Thumb Code    14  handlers.o(i.__scatterload_copy)
    __scatterload_null                       0x080071df   Thumb Code     2  handlers.o(i.__scatterload_null)
    __scatterload_zeroinit                   0x080071e1   Thumb Code    14  handlers.o(i.__scatterload_zeroinit)
    __send_cmd_check                         0x080071f1   Thumb Code   220  drv_serial.o(i.__send_cmd_check)
    _iotx_generate_sign_string               0x08007521   Thumb Code   332  sign_mqtt.o(i._iotx_generate_sign_string)
    _sign_get_clientid                       0x08007e25   Thumb Code   270  sign_mqtt.o(i._sign_get_clientid)
    clear_rx_state                           0x08007f49   Thumb Code    18  drv_serial.o(i.clear_rx_state)
    drv_serial_init                          0x08007f65   Thumb Code    46  drv_serial.o(i.drv_serial_init)
    drv_serial_read                          0x08007fa5   Thumb Code    44  drv_serial.o(i.drv_serial_read)
    drv_serial_tim_irhandle                  0x08007fd9   Thumb Code    20  drv_serial.o(i.drv_serial_tim_irhandle)
    drv_serial_usart_irhandle                0x08007ff5   Thumb Code    76  drv_serial.o(i.drv_serial_usart_irhandle)
    puts                                     0x08008051   Thumb Code    30  puts.o(i.puts)
    send_cmd_check                           0x08008075   Thumb Code    68  drv_serial.o(i.send_cmd_check)
    utils_hmac_sha256                        0x080080dd   Thumb Code   180  sign_sha256.o(i.utils_hmac_sha256)
    utils_sha256_finish                      0x08008191   Thumb Code   288  sign_sha256.o(i.utils_sha256_finish)
    utils_sha256_init                        0x080082b5   Thumb Code     6  sign_sha256.o(i.utils_sha256_init)
    utils_sha256_process                     0x080082bd   Thumb Code   288  sign_sha256.o(i.utils_sha256_process)
    utils_sha256_starts                      0x080083e1   Thumb Code    42  sign_sha256.o(i.utils_sha256_starts)
    utils_sha256_update                      0x0800842d   Thumb Code   112  sign_sha256.o(i.utils_sha256_update)
    writeCString                             0x0800849d   Thumb Code    40  mqttpacket.o(i.writeCString)
    writeChar                                0x080084c5   Thumb Code    12  mqttpacket.o(i.writeChar)
    writeInt                                 0x080084d1   Thumb Code    30  mqttpacket.o(i.writeInt)
    writeMQTTString                          0x080084ef   Thumb Code    54  mqttpacket.o(i.writeMQTTString)
    osRtxConfig                              0x08008790   Data         112  rtx_lib.o(.rodata)
    os_cb_sections                           0x08008800   Data          56  rtx_lib.o(.rodata)
    AHBPrescTable                            0x08008838   Data          16  system_stm32l4xx.o(.rodata.AHBPrescTable)
    APBPrescTable                            0x08008848   Data           8  system_stm32l4xx.o(.rodata.APBPrescTable)
    MSIRangeTable                            0x08008880   Data          48  system_stm32l4xx.o(.rodata.MSIRangeTable)
    Pin_LED                                  0x080088b0   Data          16  led.o(.rodata.Pin_LED)
    osRtxUserSVC                             0x080088c0   Data           4  rtx_lib.o(.rodata.osRtxUserSVC)
    Region$$Table$$Base                      0x08008ab4   Number         0  anon$$obj.o(Region$$Table)
    Region$$Table$$Limit                     0x08008ad4   Number         0  anon$$obj.o(Region$$Table)
    g_infra_mqtt_domain                      0x20000000   Data          24  sign_mqtt.o(.data)
    clientid_kv                              0x20000018   Data          56  sign_mqtt.o(.data)
    rx_data                                  0x20000050   Data           1  drv_serial.o(.data)
    rx_flag                                  0x20000051   Data           1  drv_serial.o(.data)
    rx_cnt                                   0x20000052   Data           2  drv_serial.o(.data)
    __stdout                                 0x20000054   Data           4  stdout.o(.data)
    DeviceName                               0x20000058   Data           4  2task.o(.data.DeviceName)
    DeviceSecret                             0x2000005c   Data           4  2task.o(.data.DeviceSecret)
    ProductKey                               0x20000060   Data           4  2task.o(.data.ProductKey)
    SystemCoreClock                          0x20000064   Data           4  system_stm32l4xx.o(.data.SystemCoreClock)
    mqttdata                                 0x20000068   Data          88  2task.o(.data.mqttdata)
    osRtxInfo                                0x200000c0   Data         164  rtx_kernel.o(.data.os)
    range_threshold                          0x20000164   Data           4  2task.o(.data.range_threshold)
    uwTickFreq                               0x20000168   Data           1  stm32l4xx_hal.o(.data.uwTickFreq)
    uwTickPrio                               0x2000016c   Data           4  stm32l4xx_hal.o(.data.uwTickPrio)
    rx_buff                                  0x20000170   Data        1000  drv_serial.o(.bss)
    tx_buff                                  0x20000558   Data        1000  drv_serial.o(.bss)
    BUF                                      0x20000940   Data          12  cc811.o(.bss.BUF)
    BUFF                                     0x2000094c   Data         256  2task.o(.bss.BUFF)
    IID                                      0x20000a60   Data           1  cc811.o(.bss.IID)
    LEN                                      0x20000a62   Data           2  2task.o(.bss.LEN)
    TaskID_2task                             0x20000a64   Data           4  app_main.o(.bss.TaskID_2task)
    cnt_ping                                 0x20000a68   Data           4  2task.o(.bss.cnt_ping)
    dev_meta                                 0x20000a6c   Data         184  2task.o(.bss.dev_meta)
    eco2                                     0x20000b24   Data           2  cc811.o(.bss.eco2)
    get_topic                                0x20000b2c   Data         128  2task.o(.bss.get_topic)
    hi2c1                                    0x20000bac   Data          76  main.o(.bss.hi2c1)
    htim2                                    0x20000bf8   Data          76  timer.o(.bss.htim2)
    htim3                                    0x20000c44   Data          76  timer.o(.bss.htim3)
    htim6                                    0x20000c90   Data          76  tim.o(.bss.htim6)
    htim7                                    0x20000cdc   Data          76  tim.o(.bss.htim7)
    huart1                                   0x20000d28   Data         128  main.o(.bss.huart1)
    huart2                                   0x20000da8   Data         128  main.o(.bss.huart2)
    huart3                                   0x20000e28   Data         128  usart3.o(.bss.huart3)
    ledcontrol                               0x20000ea8   Data           4  2task.o(.bss.ledcontrol)
    len_temp                                 0x20000eac   Data           4  2task.o(.bss.len_temp)
    link_buff                                0x20000eb0   Data         256  2task.o(.bss.link_buff)
    link_len                                 0x20000fb0   Data           4  2task.o(.bss.link_len)
    mqtt_fifo                                0x20000fb4   Data         300  2task.o(.bss.mqtt_fifo)
    mqtt_fifo_len                            0x200010e0   Data           4  2task.o(.bss.mqtt_fifo_len)
    mqtt_ping_fifo                           0x200010e4   Data          10  2task.o(.bss.mqtt_ping_fifo)
    mqtt_ping_fifo_len                       0x200010ee   Data           1  2task.o(.bss.mqtt_ping_fifo_len)
    .bss.os.msgqueue.cb$$Base                0x20009134   Number         0  rtx_lib.o(.bss.os.msgqueue.cb)
    .bss.os.msgqueue.cb$$Limit               0x20009168   Number         0  rtx_lib.o(.bss.os.msgqueue.cb)
    .bss.os.thread.cb$$Base                  0x200091b8   Number         0  rtx_lib.o(.bss.os.thread.cb)
    .bss.os.thread.cb$$Limit                 0x20009240   Number         0  rtx_lib.o(.bss.os.thread.cb)
    packid                                   0x20009640   Data           4  2task.o(.bss.packid)
    publish_buff                             0x20009644   Data         256  2task.o(.bss.publish_buff)
    publish_topic                            0x20009744   Data         128  2task.o(.bss.publish_topic)
    regs                                     0x200097c4   Data          32  2task.o(.bss.regs)
    req_qos                                  0x200097e4   Data           4  2task.o(.bss.req_qos)
    send_time                                0x200097e8   Data           4  2task.o(.bss.send_time)
    sign_mqtt                                0x200097ec   Data         396  2task.o(.bss.sign_mqtt)
    tid_Thread1                              0x20009978   Data           4  2task.o(.bss.tid_Thread1)
    tid_Thread2                              0x2000997c   Data           4  2task.o(.bss.tid_Thread2)
    tid_Thread3                              0x20009980   Data           4  2task.o(.bss.tid_Thread3)
    topic_string                             0x20009984   Data          12  2task.o(.bss.topic_string)
    tvoc                                     0x20009990   Data           2  cc811.o(.bss.tvoc)
    __initial_sp                             0x20009d98   Data           0  startup_stm32l476xx.o(STACK)



==============================================================================

Memory Map of the image

  Image Entry point : 0x08000189

  Load Region LR_IROM1 (Base: 0x08000000, Size: 0x00008c48, Max: 0x00100000, ABSOLUTE, COMPRESSED[0x00008b58])

    Execution Region ER_IROM1 (Exec base: 0x08000000, Load base: 0x08000000, Size: 0x00008ad4, Max: 0x00100000, ABSOLUTE)

    Exec Addr    Load Addr    Size         Type   Attr      Idx    E Section Name        Object

    0x08000000   0x08000000   0x00000188   Data   RO         1646    RESET               startup_stm32l476xx.o
    0x08000188   0x08000188   0x00000000   Code   RO         2715  * .ARM.Collect$$$$00000000  mc_w.l(entry.o)
    0x08000188   0x08000188   0x00000004   Code   RO         3001    .ARM.Collect$$$$00000001  mc_w.l(entry2.o)
    0x0800018c   0x0800018c   0x00000004   Code   RO         3004    .ARM.Collect$$$$00000004  mc_w.l(entry5.o)
    0x08000190   0x08000190   0x00000000   Code   RO         3006    .ARM.Collect$$$$00000008  mc_w.l(entry7b.o)
    0x08000190   0x08000190   0x00000000   Code   RO         3008    .ARM.Collect$$$$0000000A  mc_w.l(entry8b.o)
    0x08000190   0x08000190   0x00000008   Code   RO         3009    .ARM.Collect$$$$0000000B  mc_w.l(entry9a.o)
    0x08000198   0x08000198   0x00000000   Code   RO         3011    .ARM.Collect$$$$0000000D  mc_w.l(entry10a.o)
    0x08000198   0x08000198   0x00000000   Code   RO         3013    .ARM.Collect$$$$0000000F  mc_w.l(entry11a.o)
    0x08000198   0x08000198   0x00000004   Code   RO         3002    .ARM.Collect$$$$00002712  mc_w.l(entry2.o)
    0x0800019c   0x0800019c   0x00000024   Code   RO         1647    .text               startup_stm32l476xx.o
    0x080001c0   0x080001c0   0x000000d4   Code   RO         2336    .text               RTX_CM4F.lib(irq_armv7m.o)
    0x08000294   0x08000294   0x00000068   Code   RO         2722    .text               mc_w.l(uldiv.o)
    0x080002fc   0x080002fc   0x00000024   Code   RO         2724    .text               mc_w.l(memcpya.o)
    0x08000320   0x08000320   0x00000024   Code   RO         2726    .text               mc_w.l(memseta.o)
    0x08000344   0x08000344   0x00000024   Code   RO         2728    .text               mc_w.l(strstr.o)
    0x08000368   0x08000368   0x0000000e   Code   RO         2730    .text               mc_w.l(strlen.o)
    0x08000376   0x08000376   0x00000012   Code   RO         2732    .text               mc_w.l(strcpy.o)
    0x08000388   0x08000388   0x00000026   Code   RO         2999    .text               mf_w.l(f2d.o)
    0x080003ae   0x080003ae   0x0000002c   Code   RO         3025    .text               mc_w.l(uidiv.o)
    0x080003da   0x080003da   0x0000001e   Code   RO         3027    .text               mc_w.l(llshl.o)
    0x080003f8   0x080003f8   0x00000020   Code   RO         3029    .text               mc_w.l(llushr.o)
    0x08000418   0x08000418   0x00000000   Code   RO         3031    .text               mc_w.l(iusefp.o)
    0x08000418   0x08000418   0x0000015e   Code   RO         3032    .text               mf_w.l(dadd.o)
    0x08000576   0x08000576   0x000000ea   Code   RO         3034    .text               mf_w.l(dmul.o)
    0x08000660   0x08000660   0x000000de   Code   RO         3036    .text               mf_w.l(ddiv.o)
    0x0800073e   0x0800073e   0x00000030   Code   RO         3038    .text               mf_w.l(dfixul.o)
    0x0800076e   0x0800076e   0x00000002   PAD
    0x08000770   0x08000770   0x00000030   Code   RO         3040    .text               mf_w.l(cdrcmple.o)
    0x080007a0   0x080007a0   0x00000024   Code   RO         3042    .text               mc_w.l(init.o)
    0x080007c4   0x080007c4   0x00000024   Code   RO         3044    .text               mc_w.l(llsshr.o)
    0x080007e8   0x080007e8   0x000000ba   Code   RO         3046    .text               mf_w.l(depilogue.o)
    0x080008a2   0x080008a2   0x0000003a   Code   RO         3056    .text               mc_w.l(__dczerorl.o)
    0x080008dc   0x080008dc   0x0000004a   Code   RO          270    .text.BEEP_Init     beep.o
    0x08000926   0x08000926   0x00000002   PAD
    0x08000928   0x08000928   0x000000a0   Code   RO          250    .text.CCS811GetData  cc811.o
    0x080009c8   0x080009c8   0x00000038   Code   RO          246    .text.CCS811_ReadReg  cc811.o
    0x08000a00   0x08000a00   0x00000114   Code   RO           10    .text.Data_reporting  2task.o
    0x08000b14   0x08000b14   0x00000006   Code   RO          308    .text.Error_Handler  main.o
    0x08000b1a   0x08000b1a   0x00000002   PAD
    0x08000b1c   0x08000b1c   0x00000058   Code   RO          687    .text.HAL_DMA_Abort_IT  stm32l4xx_hal_dma.o
    0x08000b74   0x08000b74   0x00000006   Code   RO          697    .text.HAL_DMA_GetState  stm32l4xx_hal_dma.o
    0x08000b7a   0x08000b7a   0x00000002   PAD
    0x08000b7c   0x08000b7c   0x00000028   Code   RO          542    .text.HAL_Delay     stm32l4xx_hal.o
    0x08000ba4   0x08000ba4   0x000001bc   Code   RO          710    .text.HAL_GPIO_Init  stm32l4xx_hal_gpio.o
    0x08000d60   0x08000d60   0x00000010   Code   RO          718    .text.HAL_GPIO_TogglePin  stm32l4xx_hal_gpio.o
    0x08000d70   0x08000d70   0x0000000c   Code   RO          716    .text.HAL_GPIO_WritePin  stm32l4xx_hal_gpio.o
    0x08000d7c   0x08000d7c   0x00000050   Code   RO           69    .text.HAL_GetTick   app_main.o
    0x08000dcc   0x08000dcc   0x0000004a   Code   RO          900    .text.HAL_I2CEx_ConfigAnalogFilter  stm32l4xx_hal_i2c_ex.o
    0x08000e16   0x08000e16   0x00000002   PAD
    0x08000e18   0x08000e18   0x00000048   Code   RO          902    .text.HAL_I2CEx_ConfigDigitalFilter  stm32l4xx_hal_i2c_ex.o
    0x08000e60   0x08000e60   0x00000014   Code   RO          442    .text.HAL_I2C_AbortCpltCallback  i2c_stm32l4xx.o
    0x08000e74   0x08000e74   0x00000082   Code   RO          432    .text.HAL_I2C_AddrCallback  i2c_stm32l4xx.o
    0x08000ef6   0x08000ef6   0x00000002   PAD
    0x08000ef8   0x08000ef8   0x00000062   Code   RO          844    .text.HAL_I2C_ER_IRQHandler  stm32l4xx_hal_i2c.o
    0x08000f5a   0x08000f5a   0x00000002   PAD
    0x08000f5c   0x08000f5c   0x00000012   Code   RO          842    .text.HAL_I2C_EV_IRQHandler  stm32l4xx_hal_i2c.o
    0x08000f6e   0x08000f6e   0x00000002   PAD
    0x08000f70   0x08000f70   0x0000002a   Code   RO          836    .text.HAL_I2C_EnableListen_IT  stm32l4xx_hal_i2c.o
    0x08000f9a   0x08000f9a   0x00000002   PAD
    0x08000f9c   0x08000f9c   0x00000068   Code   RO          440    .text.HAL_I2C_ErrorCallback  i2c_stm32l4xx.o
    0x08001004   0x08001004   0x00000004   Code   RO          872    .text.HAL_I2C_GetError  stm32l4xx_hal_i2c.o
    0x08001008   0x08001008   0x000000a2   Code   RO          734    .text.HAL_I2C_Init  stm32l4xx_hal_i2c.o
    0x080010aa   0x080010aa   0x00000002   PAD
    0x080010ac   0x080010ac   0x00000014   Code   RO          438    .text.HAL_I2C_ListenCpltCallback  i2c_stm32l4xx.o
    0x080010c0   0x080010c0   0x00000022   Code   RO          430    .text.HAL_I2C_MasterRxCpltCallback  i2c_stm32l4xx.o
    0x080010e2   0x080010e2   0x00000002   PAD
    0x080010e4   0x080010e4   0x00000022   Code   RO          426    .text.HAL_I2C_MasterTxCpltCallback  i2c_stm32l4xx.o
    0x08001106   0x08001106   0x00000002   PAD
    0x08001108   0x08001108   0x00000152   Code   RO          752    .text.HAL_I2C_Master_Receive  stm32l4xx_hal_i2c.o
    0x0800125a   0x0800125a   0x00000002   PAD
    0x0800125c   0x0800125c   0x0000014e   Code   RO          742    .text.HAL_I2C_Master_Transmit  stm32l4xx_hal_i2c.o
    0x080013aa   0x080013aa   0x00000002   PAD
    0x080013ac   0x080013ac   0x00000002   Code   RO          862    .text.HAL_I2C_MemRxCpltCallback  stm32l4xx_hal_i2c.o
    0x080013ae   0x080013ae   0x00000002   PAD
    0x080013b0   0x080013b0   0x00000002   Code   RO          860    .text.HAL_I2C_MemTxCpltCallback  stm32l4xx_hal_i2c.o
    0x080013b2   0x080013b2   0x00000002   PAD
    0x080013b4   0x080013b4   0x000000b4   Code   RO          510    .text.HAL_I2C_MspInit  stm32l4xx_hal_msp.o
    0x08001468   0x08001468   0x00000038   Code   RO          436    .text.HAL_I2C_SlaveRxCpltCallback  i2c_stm32l4xx.o
    0x080014a0   0x080014a0   0x00000038   Code   RO          434    .text.HAL_I2C_SlaveTxCpltCallback  i2c_stm32l4xx.o
    0x080014d8   0x080014d8   0x0000001e   Code   RO          522    .text.HAL_Init      stm32l4xx_hal.o
    0x080014f6   0x080014f6   0x00000002   PAD
    0x080014f8   0x080014f8   0x00000056   Code   RO          524    .text.HAL_InitTick  stm32l4xx_hal.o
    0x0800154e   0x0800154e   0x00000002   PAD
    0x08001550   0x08001550   0x00000032   Code   RO          508    .text.HAL_MspInit   stm32l4xx_hal_msp.o
    0x08001582   0x08001582   0x00000002   PAD
    0x08001584   0x08001584   0x00000008   Code   RO          615    .text.HAL_NVIC_EnableIRQ  stm32l4xx_hal_cortex.o
    0x0800158c   0x0800158c   0x0000001e   Code   RO          607    .text.HAL_NVIC_SetPriority  stm32l4xx_hal_cortex.o
    0x080015aa   0x080015aa   0x00000002   PAD
    0x080015ac   0x080015ac   0x00000008   Code   RO          603    .text.HAL_NVIC_SetPriorityGrouping  stm32l4xx_hal_cortex.o
    0x080015b4   0x080015b4   0x00000076   Code   RO          963    .text.HAL_PWREx_ControlVoltageScaling  stm32l4xx_hal_pwr_ex.o
    0x0800162a   0x0800162a   0x00000002   PAD
    0x0800162c   0x0800162c   0x00000010   Code   RO          961    .text.HAL_PWREx_GetVoltageRange  stm32l4xx_hal_pwr_ex.o
    0x0800163c   0x0800163c   0x000003bc   Code   RO         1083    .text.HAL_RCCEx_PeriphCLKConfig  stm32l4xx_hal_rcc_ex.o
    0x080019f8   0x080019f8   0x00000160   Code   RO         1055    .text.HAL_RCC_ClockConfig  stm32l4xx_hal_rcc.o
    0x08001b58   0x08001b58   0x0000000c   Code   RO         1059    .text.HAL_RCC_GetHCLKFreq  stm32l4xx_hal_rcc.o
    0x08001b64   0x08001b64   0x00000026   Code   RO         1061    .text.HAL_RCC_GetPCLK1Freq  stm32l4xx_hal_rcc.o
    0x08001b8a   0x08001b8a   0x00000002   PAD
    0x08001b8c   0x08001b8c   0x00000026   Code   RO         1063    .text.HAL_RCC_GetPCLK2Freq  stm32l4xx_hal_rcc.o
    0x08001bb2   0x08001bb2   0x00000002   PAD
    0x08001bb4   0x08001bb4   0x000000c0   Code   RO         1053    .text.HAL_RCC_GetSysClockFreq  stm32l4xx_hal_rcc.o
    0x08001c74   0x08001c74   0x0000059e   Code   RO         1049    .text.HAL_RCC_OscConfig  stm32l4xx_hal_rcc.o
    0x08002212   0x08002212   0x00000002   PAD
    0x08002214   0x08002214   0x00000018   Code   RO          655    .text.HAL_SYSTICK_CLKSourceConfig  stm32l4xx_hal_cortex.o
    0x0800222c   0x0800222c   0x00000008   Code   RO          627    .text.HAL_SYSTICK_Config  stm32l4xx_hal_cortex.o
    0x08002234   0x08002234   0x00000002   Code   RO         1469    .text.HAL_TIMEx_Break2Callback  stm32l4xx_hal_tim_ex.o
    0x08002236   0x08002236   0x00000002   PAD
    0x08002238   0x08002238   0x00000002   Code   RO         1467    .text.HAL_TIMEx_BreakCallback  stm32l4xx_hal_tim_ex.o
    0x0800223a   0x0800223a   0x00000002   PAD
    0x0800223c   0x0800223c   0x00000002   Code   RO         1463    .text.HAL_TIMEx_CommutCallback  stm32l4xx_hal_tim_ex.o
    0x0800223e   0x0800223e   0x00000002   PAD
    0x08002240   0x08002240   0x000000c2   Code   RO         1453    .text.HAL_TIMEx_MasterConfigSynchronization  stm32l4xx_hal_tim_ex.o
    0x08002302   0x08002302   0x00000002   PAD
    0x08002304   0x08002304   0x00000062   Code   RO         1135    .text.HAL_TIM_Base_Init  stm32l4xx_hal_tim.o
    0x08002366   0x08002366   0x00000002   PAD
    0x08002368   0x08002368   0x0000009e   Code   RO          215    .text.HAL_TIM_Base_MspInit  tim.o
    0x08002406   0x08002406   0x00000002   PAD
    0x08002408   0x08002408   0x000000b0   Code   RO         1149    .text.HAL_TIM_Base_Start_IT  stm32l4xx_hal_tim.o
    0x080024b8   0x080024b8   0x00000032   Code   RO         1151    .text.HAL_TIM_Base_Stop_IT  stm32l4xx_hal_tim.o
    0x080024ea   0x080024ea   0x00000002   PAD
    0x080024ec   0x080024ec   0x00000002   Code   RO         1271    .text.HAL_TIM_IC_CaptureCallback  stm32l4xx_hal_tim.o
    0x080024ee   0x080024ee   0x00000002   PAD
    0x080024f0   0x080024f0   0x00000188   Code   RO         1269    .text.HAL_TIM_IRQHandler  stm32l4xx_hal_tim.o
    0x08002678   0x08002678   0x00000070   Code   RO          288    .text.HAL_TIM_MspPostInit  timer.o
    0x080026e8   0x080026e8   0x00000002   Code   RO         1273    .text.HAL_TIM_OC_DelayElapsedCallback  stm32l4xx_hal_tim.o
    0x080026ea   0x080026ea   0x00000002   PAD
    0x080026ec   0x080026ec   0x000000b8   Code   RO         1305    .text.HAL_TIM_PWM_ConfigChannel  stm32l4xx_hal_tim.o
    0x080027a4   0x080027a4   0x00000062   Code   RO         1189    .text.HAL_TIM_PWM_Init  stm32l4xx_hal_tim.o
    0x08002806   0x08002806   0x00000002   PAD
    0x08002808   0x08002808   0x00000032   Code   RO          290    .text.HAL_TIM_PWM_MspInit  timer.o
    0x0800283a   0x0800283a   0x00000002   PAD
    0x0800283c   0x0800283c   0x00000002   Code   RO         1275    .text.HAL_TIM_PWM_PulseFinishedCallback  stm32l4xx_hal_tim.o
    0x0800283e   0x0800283e   0x00000002   PAD
    0x08002840   0x08002840   0x000001ae   Code   RO         1197    .text.HAL_TIM_PWM_Start  stm32l4xx_hal_tim.o
    0x080029ee   0x080029ee   0x00000002   PAD
    0x080029f0   0x080029f0   0x00000008   Code   RO          354    .text.HAL_TIM_PeriodElapsedCallback  serial_port.o
    0x080029f8   0x080029f8   0x00000002   Code   RO         1279    .text.HAL_TIM_TriggerCallback  stm32l4xx_hal_tim.o
    0x080029fa   0x080029fa   0x00000002   PAD
    0x080029fc   0x080029fc   0x00000002   Code   RO         1619    .text.HAL_UARTEx_WakeupCallback  stm32l4xx_hal_uart_ex.o
    0x080029fe   0x080029fe   0x00000002   PAD
    0x08002a00   0x08002a00   0x00000002   Code   RO         1575    .text.HAL_UART_ErrorCallback  stm32l4xx_hal_uart.o
    0x08002a02   0x08002a02   0x00000002   PAD
    0x08002a04   0x08002a04   0x0000015e   Code   RO         1571    .text.HAL_UART_IRQHandler  stm32l4xx_hal_uart.o
    0x08002b62   0x08002b62   0x00000002   PAD
    0x08002b64   0x08002b64   0x0000005e   Code   RO         1483    .text.HAL_UART_Init  stm32l4xx_hal_uart.o
    0x08002bc2   0x08002bc2   0x00000002   PAD
    0x08002bc4   0x08002bc4   0x00000146   Code   RO          198    .text.HAL_UART_MspInit  usart3.o
    0x08002d0a   0x08002d0a   0x00000002   PAD
    0x08002d0c   0x08002d0c   0x000000ac   Code   RO         1515    .text.HAL_UART_Receive_IT  stm32l4xx_hal_uart.o
    0x08002db8   0x08002db8   0x00000008   Code   RO          352    .text.HAL_UART_RxCpltCallback  serial_port.o
    0x08002dc0   0x08002dc0   0x000000d4   Code   RO         1503    .text.HAL_UART_Transmit  stm32l4xx_hal_uart.o
    0x08002e94   0x08002e94   0x00000002   Code   RO         1579    .text.HAL_UART_TxCpltCallback  stm32l4xx_hal_uart.o
    0x08002e96   0x08002e96   0x00000002   PAD
    0x08002e98   0x08002e98   0x000000f6   Code   RO          119    .text.HTS221_Device_Get_Temperature_Humidity  hts221_iic_device.o
    0x08002f8e   0x08002f8e   0x00000002   PAD
    0x08002f90   0x08002f90   0x0000003a   Code   RO          113    .text.HTS221_IIC_Init  hts221_iic_device.o
    0x08002fca   0x08002fca   0x00000002   PAD
    0x08002fcc   0x08002fcc   0x00000040   Code   RO          115    .text.HTS221_ReadReg  hts221_iic_device.o
    0x0800300c   0x0800300c   0x0000002c   Code   RO          117    .text.HTS221_WriteReg  hts221_iic_device.o
    0x08003038   0x08003038   0x00000010   Code   RO          325    .text.I2C1_ER_IRQHandler  stm32l4xx_it.o
    0x08003048   0x08003048   0x00000010   Code   RO          323    .text.I2C1_EV_IRQHandler  stm32l4xx_it.o
    0x08003058   0x08003058   0x0000001e   Code   RO          828    .text.I2C_DMAAbort  stm32l4xx_hal_i2c.o
    0x08003076   0x08003076   0x00000002   PAD
    0x08003078   0x08003078   0x0000005e   Code   RO          826    .text.I2C_Disable_IRQ  stm32l4xx_hal_i2c.o
    0x080030d6   0x080030d6   0x00000002   PAD
    0x080030d8   0x080030d8   0x0000007c   Code   RO          764    .text.I2C_Enable_IRQ  stm32l4xx_hal_i2c.o
    0x08003154   0x08003154   0x0000001e   Code   RO          874    .text.I2C_Flush_TXDR  stm32l4xx_hal_i2c.o
    0x08003172   0x08003172   0x00000002   PAD
    0x08003174   0x08003174   0x0000001a   Code   RO          428    .text.I2C_GetResources  i2c_stm32l4xx.o
    0x0800318e   0x0800318e   0x00000002   PAD
    0x08003190   0x08003190   0x0000009c   Code   RO          886    .text.I2C_ITAddrCplt  stm32l4xx_hal_i2c.o
    0x0800322c   0x0800322c   0x000000ee   Code   RO          846    .text.I2C_ITError   stm32l4xx_hal_i2c.o
    0x0800331a   0x0800331a   0x00000002   PAD
    0x0800331c   0x0800331c   0x00000060   Code   RO          882    .text.I2C_ITListenCplt  stm32l4xx_hal_i2c.o
    0x0800337c   0x0800337c   0x000000f6   Code   RO          878    .text.I2C_ITMasterCplt  stm32l4xx_hal_i2c.o
    0x08003472   0x08003472   0x00000002   PAD
    0x08003474   0x08003474   0x0000004c   Code   RO          876    .text.I2C_ITMasterSeqCplt  stm32l4xx_hal_i2c.o
    0x080034c0   0x080034c0   0x00000130   Code   RO          880    .text.I2C_ITSlaveCplt  stm32l4xx_hal_i2c.o
    0x080035f0   0x080035f0   0x00000078   Code   RO          884    .text.I2C_ITSlaveSeqCplt  stm32l4xx_hal_i2c.o
    0x08003668   0x08003668   0x0000007e   Code   RO          890    .text.I2C_IsAcknowledgeFailed  stm32l4xx_hal_i2c.o
    0x080036e6   0x080036e6   0x00000002   PAD
    0x080036e8   0x080036e8   0x00000102   Code   RO          776    .text.I2C_Master_ISR_DMA  stm32l4xx_hal_i2c.o
    0x080037ea   0x080037ea   0x00000002   PAD
    0x080037ec   0x080037ec   0x0000012c   Code   RO          788    .text.I2C_Slave_ISR_DMA  stm32l4xx_hal_i2c.o
    0x08003918   0x08003918   0x00000100   Code   RO          770    .text.I2C_Slave_ISR_IT  stm32l4xx_hal_i2c.o
    0x08003a18   0x08003a18   0x00000030   Code   RO          746    .text.I2C_TransferConfig  stm32l4xx_hal_i2c.o
    0x08003a48   0x08003a48   0x0000002c   Code   RO          888    .text.I2C_TreatErrorCallback  stm32l4xx_hal_i2c.o
    0x08003a74   0x08003a74   0x0000007a   Code   RO          744    .text.I2C_WaitOnFlagUntilTimeout  stm32l4xx_hal_i2c.o
    0x08003aee   0x08003aee   0x00000002   PAD
    0x08003af0   0x08003af0   0x00000080   Code   RO          754    .text.I2C_WaitOnRXNEFlagUntilTimeout  stm32l4xx_hal_i2c.o
    0x08003b70   0x08003b70   0x0000004c   Code   RO          750    .text.I2C_WaitOnSTOPFlagUntilTimeout  stm32l4xx_hal_i2c.o
    0x08003bbc   0x08003bbc   0x00000060   Code   RO          748    .text.I2C_WaitOnTXISFlagUntilTimeout  stm32l4xx_hal_i2c.o
    0x08003c1c   0x08003c1c   0x00000056   Code   RO          102    .text.LED_Initialize  led.o
    0x08003c72   0x08003c72   0x00000002   PAD
    0x08003c74   0x08003c74   0x0000001c   Code   RO           92    .text.LED_Off       led.o
    0x08003c90   0x08003c90   0x0000001c   Code   RO           90    .text.LED_On        led.o
    0x08003cac   0x08003cac   0x0000001a   Code   RO           94    .text.LED_Toggle    led.o
    0x08003cc6   0x08003cc6   0x00000002   PAD
    0x08003cc8   0x08003cc8   0x000000a8   Code   RO          233    .text.MX_GPIO_Init  gpio.o
    0x08003d70   0x08003d70   0x0000005c   Code   RO          310    .text.MX_I2C1_Init  main.o
    0x08003dcc   0x08003dcc   0x00000056   Code   RO          211    .text.MX_TIM6_Init  tim.o
    0x08003e22   0x08003e22   0x00000002   PAD
    0x08003e24   0x08003e24   0x00000054   Code   RO          213    .text.MX_TIM7_Init  tim.o
    0x08003e78   0x08003e78   0x0000003c   Code   RO          190    .text.MX_USART1_UART_Init  usart3.o
    0x08003eb4   0x08003eb4   0x0000003c   Code   RO          192    .text.MX_USART2_UART_Init  usart3.o
    0x08003ef0   0x08003ef0   0x0000003c   Code   RO          196    .text.MX_USART3_UART_Init  usart3.o
    0x08003f2c   0x08003f2c   0x00000040   Code   RO         2657    .text.MessageQueueGet  RTX_CM4F.lib(rtx_msgqueue.o)
    0x08003f6c   0x08003f6c   0x00000058   Code   RO         2651    .text.MessageQueuePut  RTX_CM4F.lib(rtx_msgqueue.o)
    0x08003fc4   0x08003fc4   0x0000001c   Code   RO         2649    .text.MessageQueueRemove  RTX_CM4F.lib(rtx_msgqueue.o)
    0x08003fe0   0x08003fe0   0x0000002c   Code   RO          613    .text.NVIC_EncodePriority  stm32l4xx_hal_cortex.o
    0x0800400c   0x0800400c   0x00000008   Code   RO         2695    .text.OS_Tick_AcknowledgeIRQ  RTX_CM4F.lib(os_systick.o)
    0x08004014   0x08004014   0x00000024   Code   RO         2691    .text.OS_Tick_Enable  RTX_CM4F.lib(os_systick.o)
    0x08004038   0x08004038   0x00000006   Code   RO         2697    .text.OS_Tick_GetIRQn  RTX_CM4F.lib(os_systick.o)
    0x0800403e   0x0800403e   0x00000002   PAD
    0x08004040   0x08004040   0x00000040   Code   RO         2689    .text.OS_Tick_Setup  RTX_CM4F.lib(os_systick.o)
    0x08004080   0x08004080   0x0000000c   Code   RO         2083    .text.OUTLINED_FUNCTION_0  RTX_CM4F.lib(rtx_kernel.o)
    0x0800408c   0x0800408c   0x0000000c   Code   RO         2665    .text.OUTLINED_FUNCTION_0  RTX_CM4F.lib(rtx_msgqueue.o)
    0x08004098   0x08004098   0x00000006   Code   RO         2085    .text.OUTLINED_FUNCTION_1  RTX_CM4F.lib(rtx_kernel.o)
    0x0800409e   0x0800409e   0x00000002   PAD
    0x080040a0   0x080040a0   0x0000018e   Code   RO         1085    .text.RCCEx_PLLSAI1_Config  stm32l4xx_hal_rcc_ex.o
    0x0800422e   0x0800422e   0x00000002   PAD
    0x08004230   0x08004230   0x0000015e   Code   RO         1087    .text.RCCEx_PLLSAI2_Config  stm32l4xx_hal_rcc_ex.o
    0x0800438e   0x0800438e   0x00000002   PAD
    0x08004390   0x08004390   0x0000008e   Code   RO         1051    .text.RCC_SetFlashLatencyFromMSIRange  stm32l4xx_hal_rcc.o
    0x0800441e   0x0800441e   0x00000002   PAD
    0x08004420   0x08004420   0x0000002e   Code   RO          629    .text.SysTick_Config  stm32l4xx_hal_cortex.o
    0x0800444e   0x0800444e   0x00000002   PAD
    0x08004450   0x08004450   0x0000006e   Code   RO          306    .text.SystemClock_Config  main.o
    0x080044be   0x080044be   0x00000002   PAD
    0x080044c0   0x080044c0   0x00000052   Code   RO         1654    .text.SystemInit    system_stm32l4xx.o
    0x08004512   0x08004512   0x00000002   PAD
    0x08004514   0x08004514   0x0000001a   Code   RO          278    .text.TIM2_IRQHandler  timer.o
    0x0800452e   0x0800452e   0x00000002   PAD
    0x08004530   0x08004530   0x00000076   Code   RO          286    .text.TIM3_PWM_Init  timer.o
    0x080045a6   0x080045a6   0x00000002   PAD
    0x080045a8   0x080045a8   0x00000010   Code   RO          217    .text.TIM6_DAC_IRQHandler  tim.o
    0x080045b8   0x080045b8   0x00000010   Code   RO          219    .text.TIM7_IRQHandler  tim.o
    0x080045c8   0x080045c8   0x00000122   Code   RO         1139    .text.TIM_Base_SetConfig  stm32l4xx_hal_tim.o
    0x080046ea   0x080046ea   0x00000002   PAD
    0x080046ec   0x080046ec   0x00000024   Code   RO         1173    .text.TIM_CCxChannelCmd  stm32l4xx_hal_tim.o
    0x08004710   0x08004710   0x0000007e   Code   RO         1283    .text.TIM_OC1_SetConfig  stm32l4xx_hal_tim.o
    0x0800478e   0x0800478e   0x00000002   PAD
    0x08004790   0x08004790   0x00000090   Code   RO         1285    .text.TIM_OC2_SetConfig  stm32l4xx_hal_tim.o
    0x08004820   0x08004820   0x00000090   Code   RO         1287    .text.TIM_OC3_SetConfig  stm32l4xx_hal_tim.o
    0x080048b0   0x080048b0   0x00000060   Code   RO         1289    .text.TIM_OC4_SetConfig  stm32l4xx_hal_tim.o
    0x08004910   0x08004910   0x0000005e   Code   RO         1291    .text.TIM_OC5_SetConfig  stm32l4xx_hal_tim.o
    0x0800496e   0x0800496e   0x00000002   PAD
    0x08004970   0x08004970   0x00000060   Code   RO         1293    .text.TIM_OC6_SetConfig  stm32l4xx_hal_tim.o
    0x080049d0   0x080049d0   0x0000000c   Code   RO          284    .text.TIM_SetTIM3Compare3  timer.o
    0x080049dc   0x080049dc   0x0000005c   Code   RO            2    .text.Thread1       2task.o
    0x08004a38   0x08004a38   0x00000070   Code   RO            4    .text.Thread2       2task.o
    0x08004aa8   0x08004aa8   0x000002c0   Code   RO            6    .text.Thread3       2task.o
    0x08004d68   0x08004d68   0x00000064   Code   RO         2177    .text.ThreadFlagsCheck  RTX_CM4F.lib(rtx_thread.o)
    0x08004dcc   0x08004dcc   0x00000048   Code   RO         2277    .text.TimerInsert   RTX_CM4F.lib(rtx_timer.o)
    0x08004e14   0x08004e14   0x000000e6   Code   RO         1489    .text.UART_AdvFeatureConfig  stm32l4xx_hal_uart.o
    0x08004efa   0x08004efa   0x00000002   PAD
    0x08004efc   0x08004efc   0x00000066   Code   RO         1491    .text.UART_CheckIdleState  stm32l4xx_hal_uart.o
    0x08004f62   0x08004f62   0x00000002   PAD
    0x08004f64   0x08004f64   0x00000014   Code   RO         1573    .text.UART_DMAAbortOnError  stm32l4xx_hal_uart.o
    0x08004f78   0x08004f78   0x0000001c   Code   RO         1543    .text.UART_EndRxTransfer  stm32l4xx_hal_uart.o
    0x08004f94   0x08004f94   0x0000001a   Code   RO         1577    .text.UART_EndTransmit_IT  stm32l4xx_hal_uart.o
    0x08004fae   0x08004fae   0x00000002   PAD
    0x08004fb0   0x08004fb0   0x0000005a   Code   RO         1517    .text.UART_RxISR_16BIT  stm32l4xx_hal_uart.o
    0x0800500a   0x0800500a   0x00000002   PAD
    0x0800500c   0x0800500c   0x0000005a   Code   RO         1519    .text.UART_RxISR_8BIT  stm32l4xx_hal_uart.o
    0x08005066   0x08005066   0x00000002   PAD
    0x08005068   0x08005068   0x00000268   Code   RO         1487    .text.UART_SetConfig  stm32l4xx_hal_uart.o
    0x080052d0   0x080052d0   0x000000ae   Code   RO         1505    .text.UART_WaitOnFlagUntilTimeout  stm32l4xx_hal_uart.o
    0x0800537e   0x0800537e   0x00000002   PAD
    0x08005380   0x08005380   0x00000010   Code   RO          194    .text.USART3_IRQHandler  usart3.o
    0x08005390   0x08005390   0x00000020   Code   RO          617    .text.__NVIC_EnableIRQ  stm32l4xx_hal_cortex.o
    0x080053b0   0x080053b0   0x00000010   Code   RO          609    .text.__NVIC_GetPriorityGrouping  stm32l4xx_hal_cortex.o
    0x080053c0   0x080053c0   0x00000022   Code   RO          611    .text.__NVIC_SetPriority  stm32l4xx_hal_cortex.o
    0x080053e2   0x080053e2   0x00000002   PAD
    0x080053e4   0x080053e4   0x00000020   Code   RO          605    .text.__NVIC_SetPriorityGrouping  stm32l4xx_hal_cortex.o
    0x08005404   0x08005404   0x00000044   Code   RO          364    .text.__exit_transmission  bsp_wifi.o
    0x08005448   0x08005448   0x00000012   Code   RO           12    .text.__task_before_init  2task.o
    0x0800545a   0x0800545a   0x00000002   PAD
    0x0800545c   0x0800545c   0x000000cc   Code   RO           20    .text.aliyun_gettopic  2task.o
    0x08005528   0x08005528   0x00000022   Code   RO           73    .text.app_main      app_main.o
    0x0800554a   0x0800554a   0x00000002   PAD
    0x0800554c   0x0800554c   0x00000052   Code   RO           22    .text.app_main_2task  2task.o
    0x0800559e   0x0800559e   0x00000002   PAD
    0x080055a0   0x080055a0   0x00000016   Code   RO          383    .text.delay_init    delay.o
    0x080055b6   0x080055b6   0x00000002   PAD
    0x080055b8   0x080055b8   0x0000001a   Code   RO          387    .text.delay_ms      delay.o
    0x080055d2   0x080055d2   0x00000002   PAD
    0x080055d4   0x080055d4   0x0000003a   Code   RO          385    .text.delay_us      delay.o
    0x0800560e   0x0800560e   0x00000002   PAD
    0x08005610   0x08005610   0x0000003c   Code   RO           16    .text.findstr       2task.o
    0x0800564c   0x0800564c   0x00000020   Code   RO          188    .text.fputc         usart3.o
    0x0800566c   0x0800566c   0x00000046   Code   RO           14    .text.infrared_gpio_init  2task.o
    0x080056b2   0x080056b2   0x00000002   PAD
    0x080056b4   0x080056b4   0x00000022   Code   RO          304    .text.main          main.o
    0x080056d6   0x080056d6   0x00000002   PAD
    0x080056d8   0x080056d8   0x00000024   Code   RO         2243    .text.osDelay       RTX_CM4F.lib(rtx_delay.o)
    0x080056fc   0x080056fc   0x0000002c   Code   RO         2035    .text.osKernelGetState  RTX_CM4F.lib(rtx_kernel.o)
    0x08005728   0x08005728   0x00000024   Code   RO         2051    .text.osKernelGetTickCount  RTX_CM4F.lib(rtx_kernel.o)
    0x0800574c   0x0800574c   0x0000002c   Code   RO         2029    .text.osKernelInitialize  RTX_CM4F.lib(rtx_kernel.o)
    0x08005778   0x08005778   0x00000024   Code   RO         2039    .text.osKernelStart  RTX_CM4F.lib(rtx_kernel.o)
    0x0800579c   0x0800579c   0x00000070   Code   RO         2625    .text.osMessageQueueGet  RTX_CM4F.lib(rtx_msgqueue.o)
    0x0800580c   0x0800580c   0x00000080   Code   RO         2623    .text.osMessageQueuePut  RTX_CM4F.lib(rtx_msgqueue.o)
    0x0800588c   0x0800588c   0x00000002   Code   RO          417    .text.osRtxErrorNotify  rtx_config.o
    0x0800588e   0x0800588e   0x00000002   PAD
    0x08005890   0x08005890   0x00000002   Code   RO          415    .text.osRtxIdleThread  rtx_config.o
    0x08005892   0x08005892   0x00000004   Code   RO         2027    .text.osRtxKernelErrorNotify  RTX_CM4F.lib(rtx_kernel.o)
    0x08005896   0x08005896   0x00000002   Code   RO         2025    .text.osRtxKernelPreInit  RTX_CM4F.lib(rtx_kernel.o)
    0x08005898   0x08005898   0x0000006c   Code   RO         2551    .text.osRtxMemoryAlloc  RTX_CM4F.lib(rtx_memory.o)
    0x08005904   0x08005904   0x00000042   Code   RO         2553    .text.osRtxMemoryFree  RTX_CM4F.lib(rtx_memory.o)
    0x08005946   0x08005946   0x00000036   Code   RO         2549    .text.osRtxMemoryInit  RTX_CM4F.lib(rtx_memory.o)
    0x0800597c   0x0800597c   0x0000003a   Code   RO         2565    .text.osRtxMemoryPoolAlloc  RTX_CM4F.lib(rtx_mempool.o)
    0x080059b6   0x080059b6   0x0000004a   Code   RO         2567    .text.osRtxMemoryPoolFree  RTX_CM4F.lib(rtx_mempool.o)
    0x08005a00   0x08005a00   0x00000038   Code   RO         2563    .text.osRtxMemoryPoolInit  RTX_CM4F.lib(rtx_mempool.o)
    0x08005a38   0x08005a38   0x000000aa   Code   RO         2647    .text.osRtxMessageQueuePostProcess  RTX_CM4F.lib(rtx_msgqueue.o)
    0x08005ae2   0x08005ae2   0x00000002   PAD
    0x08005ae4   0x08005ae4   0x00000028   Code   RO         2615    .text.osRtxMessageQueueTimerSetup  RTX_CM4F.lib(rtx_msgqueue.o)
    0x08005b0c   0x08005b0c   0x00000048   Code   RO         2513    .text.osRtxMutexOwnerRelease  RTX_CM4F.lib(rtx_mutex.o)
    0x08005b54   0x08005b54   0x00000042   Code   RO         2515    .text.osRtxMutexOwnerRestore  RTX_CM4F.lib(rtx_mutex.o)
    0x08005b96   0x08005b96   0x00000002   PAD
    0x08005b98   0x08005b98   0x00000088   Code   RO         2677    .text.osRtxPendSV_Handler  RTX_CM4F.lib(rtx_system.o)
    0x08005c20   0x08005c20   0x00000070   Code   RO         2679    .text.osRtxPostProcess  RTX_CM4F.lib(rtx_system.o)
    0x08005c90   0x08005c90   0x00000034   Code   RO         2117    .text.osRtxThreadBlock  RTX_CM4F.lib(rtx_thread.o)
    0x08005cc4   0x08005cc4   0x0000007c   Code   RO         2125    .text.osRtxThreadDelayInsert  RTX_CM4F.lib(rtx_thread.o)
    0x08005d40   0x08005d40   0x0000003c   Code   RO         2121    .text.osRtxThreadDelayRemove  RTX_CM4F.lib(rtx_thread.o)
    0x08005d7c   0x08005d7c   0x00000048   Code   RO         2107    .text.osRtxThreadDelayTick  RTX_CM4F.lib(rtx_thread.o)
    0x08005dc4   0x08005dc4   0x00000020   Code   RO         2209    .text.osRtxThreadDestroy  RTX_CM4F.lib(rtx_thread.o)
    0x08005de4   0x08005de4   0x00000050   Code   RO         2115    .text.osRtxThreadDispatch  RTX_CM4F.lib(rtx_thread.o)
    0x08005e34   0x08005e34   0x00000058   Code   RO         2201    .text.osRtxThreadFree  RTX_CM4F.lib(rtx_thread.o)
    0x08005e8c   0x08005e8c   0x0000001e   Code   RO         2207    .text.osRtxThreadJoinWakeup  RTX_CM4F.lib(rtx_thread.o)
    0x08005eaa   0x08005eaa   0x00000012   Code   RO         2099    .text.osRtxThreadListGet  RTX_CM4F.lib(rtx_thread.o)
    0x08005ebc   0x08005ebc   0x0000002c   Code   RO         2097    .text.osRtxThreadListPut  RTX_CM4F.lib(rtx_thread.o)
    0x08005ee8   0x08005ee8   0x00000014   Code   RO         2103    .text.osRtxThreadListRemove  RTX_CM4F.lib(rtx_thread.o)
    0x08005efc   0x08005efc   0x0000000c   Code   RO         2109    .text.osRtxThreadListRoot  RTX_CM4F.lib(rtx_thread.o)
    0x08005f08   0x08005f08   0x00000026   Code   RO         2101    .text.osRtxThreadListSort  RTX_CM4F.lib(rtx_thread.o)
    0x08005f2e   0x08005f2e   0x00000028   Code   RO         2175    .text.osRtxThreadPostProcess  RTX_CM4F.lib(rtx_thread.o)
    0x08005f56   0x08005f56   0x00000002   PAD
    0x08005f58   0x08005f58   0x00000014   Code   RO         2105    .text.osRtxThreadReadyPut  RTX_CM4F.lib(rtx_thread.o)
    0x08005f6c   0x08005f6c   0x00000014   Code   RO         2111    .text.osRtxThreadRegPtr  RTX_CM4F.lib(rtx_thread.o)
    0x08005f80   0x08005f80   0x00000038   Code   RO         2127    .text.osRtxThreadStartup  RTX_CM4F.lib(rtx_thread.o)
    0x08005fb8   0x08005fb8   0x0000000c   Code   RO         2113    .text.osRtxThreadSwitch  RTX_CM4F.lib(rtx_thread.o)
    0x08005fc4   0x08005fc4   0x0000003c   Code   RO         2123    .text.osRtxThreadWaitEnter  RTX_CM4F.lib(rtx_thread.o)
    0x08006000   0x08006000   0x00000030   Code   RO         2119    .text.osRtxThreadWaitExit  RTX_CM4F.lib(rtx_thread.o)
    0x08006030   0x08006030   0x00000078   Code   RO         2675    .text.osRtxTick_Handler  RTX_CM4F.lib(rtx_system.o)
    0x080060a8   0x080060a8   0x00000020   Code   RO         2259    .text.osRtxTimerSetup  RTX_CM4F.lib(rtx_timer.o)
    0x080060c8   0x080060c8   0x00000020   Code   RO         2263    .text.osRtxTimerThread  RTX_CM4F.lib(rtx_timer.o)
    0x080060e8   0x080060e8   0x00000070   Code   RO         2261    .text.osRtxTimerTick  RTX_CM4F.lib(rtx_timer.o)
    0x08006158   0x08006158   0x0000000c   Code   RO         2159    .text.osThreadExit  RTX_CM4F.lib(rtx_thread.o)
    0x08006164   0x08006164   0x00000024   Code   RO         2131    .text.osThreadNew   RTX_CM4F.lib(rtx_thread.o)
    0x08006188   0x08006188   0x0000014c   Code   RO            8    .text.property_post_create_packet  2task.o
    0x080062d4   0x080062d4   0x00000016   Code   RO         2247    .text.svcRtxDelay   RTX_CM4F.lib(rtx_delay.o)
    0x080062ea   0x080062ea   0x00000002   PAD
    0x080062ec   0x080062ec   0x00000008   Code   RO         2037    .text.svcRtxKernelGetState  RTX_CM4F.lib(rtx_kernel.o)
    0x080062f4   0x080062f4   0x0000000c   Code   RO         2053    .text.svcRtxKernelGetTickCount  RTX_CM4F.lib(rtx_kernel.o)
    0x08006300   0x08006300   0x000000fc   Code   RO         2067    .text.svcRtxKernelInitialize  RTX_CM4F.lib(rtx_kernel.o)
    0x080063fc   0x080063fc   0x00000088   Code   RO         2069    .text.svcRtxKernelStart  RTX_CM4F.lib(rtx_kernel.o)
    0x08006484   0x08006484   0x000000d4   Code   RO         2659    .text.svcRtxMessageQueueGet  RTX_CM4F.lib(rtx_msgqueue.o)
    0x08006558   0x08006558   0x0000011e   Code   RO         2617    .text.svcRtxMessageQueueNew  RTX_CM4F.lib(rtx_msgqueue.o)
    0x08006676   0x08006676   0x00000002   PAD
    0x08006678   0x08006678   0x000000b0   Code   RO         2655    .text.svcRtxMessageQueuePut  RTX_CM4F.lib(rtx_msgqueue.o)
    0x08006728   0x08006728   0x0000004c   Code   RO         2205    .text.svcRtxThreadExit  RTX_CM4F.lib(rtx_thread.o)
    0x08006774   0x08006774   0x000001f2   Code   RO         2129    .text.svcRtxThreadNew  RTX_CM4F.lib(rtx_thread.o)
    0x08006966   0x08006966   0x00000002   PAD
    0x08006968   0x08006968   0x00000030   Code   RO          334    .text.transport_sendPacketBuffer  transport.o
    0x08006998   0x08006998   0x00000114   Code   RO           18    .text.updata        2task.o
    0x08006aac   0x08006aac   0x00000098   Code   RO          366    .text.wifi_init     bsp_wifi.o
    0x08006b44   0x08006b44   0x00000184   Code   RO          368    .text.wifi_sta_mode  bsp_wifi.o
    0x08006cc8   0x08006cc8   0x000001a2   Code   RO         1669    i.IOT_Sign_MQTT     mqtt.lib(sign_mqtt.o)
    0x08006e6a   0x08006e6a   0x00000002   PAD
    0x08006e6c   0x08006e6c   0x0000002a   Code   RO         2406    i.MQTTPacket_encode  mqtt.lib(mqttpacket.o)
    0x08006e96   0x08006e96   0x00000002   PAD
    0x08006e98   0x08006e98   0x00000028   Code   RO         2408    i.MQTTPacket_len    mqtt.lib(mqttpacket.o)
    0x08006ec0   0x08006ec0   0x00000118   Code   RO         1712    i.MQTTSerialize_connect  mqtt.lib(mqttconnectclient.o)
    0x08006fd8   0x08006fd8   0x00000076   Code   RO         1713    i.MQTTSerialize_connectLength  mqtt.lib(mqttconnectclient.o)
    0x0800704e   0x0800704e   0x00000006   Code   RO         1715    i.MQTTSerialize_pingreq  mqtt.lib(mqttconnectclient.o)
    0x08007054   0x08007054   0x0000008c   Code   RO         1777    i.MQTTSerialize_publish  mqtt.lib(mqttserializepublish.o)
    0x080070e0   0x080070e0   0x0000001e   Code   RO         1778    i.MQTTSerialize_publishLength  mqtt.lib(mqttserializepublish.o)
    0x080070fe   0x080070fe   0x00000032   Code   RO         1716    i.MQTTSerialize_zero  mqtt.lib(mqttconnectclient.o)
    0x08007130   0x08007130   0x0000000e   Code   RO         2411    i.MQTTstrlen        mqtt.lib(mqttpacket.o)
    0x0800713e   0x0800713e   0x00000026   Code   RO         1819    i.USARTx_SendString  serial.lib(drv_serial.o)
    0x08007164   0x08007164   0x00000018   Code   RO         1820    i.USARTx_Send_Len_String  serial.lib(drv_serial.o)
    0x0800717c   0x0800717c   0x00000020   Code   RO         2971    i.__0printf         mc_w.l(printfa.o)
    0x0800719c   0x0800719c   0x00000028   Code   RO         2973    i.__0sprintf        mc_w.l(printfa.o)
    0x080071c4   0x080071c4   0x0000000c   Code   RO         1821    i.__check_cmd       serial.lib(drv_serial.o)
    0x080071d0   0x080071d0   0x0000000e   Code   RO         3050    i.__scatterload_copy  mc_w.l(handlers.o)
    0x080071de   0x080071de   0x00000002   Code   RO         3051    i.__scatterload_null  mc_w.l(handlers.o)
    0x080071e0   0x080071e0   0x0000000e   Code   RO         3052    i.__scatterload_zeroinit  mc_w.l(handlers.o)
    0x080071ee   0x080071ee   0x00000002   PAD
    0x080071f0   0x080071f0   0x000001a4   Code   RO         1822    i.__send_cmd_check  serial.lib(drv_serial.o)
    0x08007394   0x08007394   0x0000018a   Code   RO         2978    i._fp_digits        mc_w.l(printfa.o)
    0x0800751e   0x0800751e   0x00000002   PAD
    0x08007520   0x08007520   0x000001d0   Code   RO         1670    i._iotx_generate_sign_string  mqtt.lib(sign_mqtt.o)
    0x080076f0   0x080076f0   0x000006e2   Code   RO         2979    i._printf_core      mc_w.l(printfa.o)
    0x08007dd2   0x08007dd2   0x00000024   Code   RO         2980    i._printf_post_padding  mc_w.l(printfa.o)
    0x08007df6   0x08007df6   0x0000002e   Code   RO         2981    i._printf_pre_padding  mc_w.l(printfa.o)
    0x08007e24   0x08007e24   0x0000011a   Code   RO         1671    i._sign_get_clientid  mqtt.lib(sign_mqtt.o)
    0x08007f3e   0x08007f3e   0x0000000a   Code   RO         2983    i._sputc            mc_w.l(printfa.o)
    0x08007f48   0x08007f48   0x0000001c   Code   RO         1823    i.clear_rx_state    serial.lib(drv_serial.o)
    0x08007f64   0x08007f64   0x00000040   Code   RO         1824    i.drv_serial_init   serial.lib(drv_serial.o)
    0x08007fa4   0x08007fa4   0x00000034   Code   RO         1825    i.drv_serial_read   serial.lib(drv_serial.o)
    0x08007fd8   0x08007fd8   0x0000001c   Code   RO         1826    i.drv_serial_tim_irhandle  serial.lib(drv_serial.o)
    0x08007ff4   0x08007ff4   0x0000005c   Code   RO         1827    i.drv_serial_usart_irhandle  serial.lib(drv_serial.o)
    0x08008050   0x08008050   0x00000024   Code   RO         2718    i.puts              mc_w.l(puts.o)
    0x08008074   0x08008074   0x00000068   Code   RO         1828    i.send_cmd_check    serial.lib(drv_serial.o)
    0x080080dc   0x080080dc   0x000000b4   Code   RO         2343    i.utils_hmac_sha256  mqtt.lib(sign_sha256.o)
    0x08008190   0x08008190   0x00000124   Code   RO         2345    i.utils_sha256_finish  mqtt.lib(sign_sha256.o)
    0x080082b4   0x080082b4   0x00000006   Code   RO         2347    i.utils_sha256_init  mqtt.lib(sign_sha256.o)
    0x080082ba   0x080082ba   0x00000002   PAD
    0x080082bc   0x080082bc   0x00000124   Code   RO         2348    i.utils_sha256_process  mqtt.lib(sign_sha256.o)
    0x080083e0   0x080083e0   0x0000004c   Code   RO         2349    i.utils_sha256_starts  mqtt.lib(sign_sha256.o)
    0x0800842c   0x0800842c   0x00000070   Code   RO         2350    i.utils_sha256_update  mqtt.lib(sign_sha256.o)
    0x0800849c   0x0800849c   0x00000028   Code   RO         2417    i.writeCString      mqtt.lib(mqttpacket.o)
    0x080084c4   0x080084c4   0x0000000c   Code   RO         2418    i.writeChar         mqtt.lib(mqttpacket.o)
    0x080084d0   0x080084d0   0x0000001e   Code   RO         2419    i.writeInt          mqtt.lib(mqttpacket.o)
    0x080084ee   0x080084ee   0x00000036   Code   RO         2420    i.writeMQTTString   mqtt.lib(mqttpacket.o)
    0x08008524   0x08008524   0x00000140   Data   RO         2351    .constdata          mqtt.lib(sign_sha256.o)
    0x08008664   0x08008664   0x0000012b   Data   RO         1672    .conststring        mqtt.lib(sign_mqtt.o)
    0x0800878f   0x0800878f   0x00000001   PAD
    0x08008790   0x08008790   0x000000a8   Data   RO          402    .rodata             rtx_lib.o
    0x08008838   0x08008838   0x00000010   Data   RO         1659    .rodata.AHBPrescTable  system_stm32l4xx.o
    0x08008848   0x08008848   0x00000008   Data   RO         1660    .rodata.APBPrescTable  system_stm32l4xx.o
    0x08008850   0x08008850   0x00000030   Data   RO          495    .rodata.I2C1_Resources  i2c_stm32l4xx.o
    0x08008880   0x08008880   0x00000030   Data   RO         1661    .rodata.MSIRangeTable  system_stm32l4xx.o
    0x080088b0   0x080088b0   0x00000010   Data   RO          104    .rodata.Pin_LED     led.o
    0x080088c0   0x080088c0   0x00000004   Data   RO          404    .rodata.osRtxUserSVC  rtx_lib.o
    0x080088c4   0x080088c4   0x00000024   Data   RO          399    .rodata.os_idle_thread_attr  rtx_lib.o
    0x080088e8   0x080088e8   0x00000018   Data   RO          401    .rodata.os_timer_mq_attr  rtx_lib.o
    0x08008900   0x08008900   0x00000024   Data   RO          400    .rodata.os_timer_thread_attr  rtx_lib.o
    0x08008924   0x08008924   0x00000075   Data   RO           24    .rodata.str1.1      2task.o
    0x08008999   0x08008999   0x000000ca   Data   RO          374    .rodata.str1.1      bsp_wifi.o
    0x08008a63   0x08008a63   0x00000001   PAD
    0x08008a64   0x08008a64   0x00000044   Data   RO           54    .rodata.str1.4      2task.o
    0x08008aa8   0x08008aa8   0x0000000b   Data   RO         2087    .rodata.str1.4      RTX_CM4F.lib(rtx_kernel.o)
    0x08008ab3   0x08008ab3   0x00000001   PAD
    0x08008ab4   0x08008ab4   0x00000020   Data   RO         3049    Region$$Table       anon$$obj.o


    Execution Region RW_IRAM1 (Exec base: 0x20000000, Load base: 0x08008ad8, Size: 0x00009d98, Max: 0x00018000, ABSOLUTE, COMPRESSED[0x00000080])

    Exec Addr    Load Addr    Size         Type   Attr      Idx    E Section Name        Object

    0x20000000   COMPRESSED   0x00000050   Data   RW         1673    .data               mqtt.lib(sign_mqtt.o)
    0x20000050   COMPRESSED   0x00000004   Data   RW         1830    .data               serial.lib(drv_serial.o)
    0x20000054   COMPRESSED   0x00000004   Data   RW         3015    .data               mc_w.l(stdout.o)
    0x20000058   COMPRESSED   0x00000004   Data   RW           25    .data.DeviceName    2task.o
    0x2000005c   COMPRESSED   0x00000004   Data   RW           27    .data.DeviceSecret  2task.o
    0x20000060   COMPRESSED   0x00000004   Data   RW           26    .data.ProductKey    2task.o
    0x20000064   COMPRESSED   0x00000004   Data   RW         1658    .data.SystemCoreClock  system_stm32l4xx.o
    0x20000068   COMPRESSED   0x00000058   Data   RW           49    .data.mqttdata      2task.o
    0x200000c0   COMPRESSED   0x000000a4   Data   RW         2088    .data.os            RTX_CM4F.lib(rtx_kernel.o)
    0x20000164   COMPRESSED   0x00000004   Data   RW           33    .data.range_threshold  2task.o
    0x20000168   COMPRESSED   0x00000001   Data   RW          593    .data.uwTickFreq    stm32l4xx_hal.o
    0x20000169   COMPRESSED   0x00000003   PAD
    0x2000016c   COMPRESSED   0x00000004   Data   RW          592    .data.uwTickPrio    stm32l4xx_hal.o
    0x20000170        -       0x000007d0   Zero   RW         1829    .bss                serial.lib(drv_serial.o)
    0x20000940        -       0x0000000c   Zero   RW          260    .bss.BUF            cc811.o
    0x2000094c        -       0x00000100   Zero   RW           30    .bss.BUFF           2task.o
    0x20000a4c        -       0x00000004   Zero   RW           75    .bss.HAL_GetTick.ticks  app_main.o
    0x20000a50        -       0x00000010   Zero   RW          496    .bss.I2C1_Info      i2c_stm32l4xx.o
    0x20000a60        -       0x00000001   Zero   RW          255    .bss.IID            cc811.o
    0x20000a61   COMPRESSED   0x00000001   PAD
    0x20000a62        -       0x00000002   Zero   RW           31    .bss.LEN            2task.o
    0x20000a64        -       0x00000004   Zero   RW           76    .bss.TaskID_2task   app_main.o
    0x20000a68        -       0x00000004   Zero   RW           46    .bss.cnt_ping       2task.o
    0x20000a6c        -       0x000000b8   Zero   RW           39    .bss.dev_meta       2task.o
    0x20000b24        -       0x00000002   Zero   RW          252    .bss.eco2           cc811.o
    0x20000b26   COMPRESSED   0x00000002   PAD
    0x20000b28        -       0x00000004   Zero   RW          389    .bss.fac_us         delay.o
    0x20000b2c        -       0x00000080   Zero   RW           56    .bss.get_topic      2task.o
    0x20000bac        -       0x0000004c   Zero   RW          312    .bss.hi2c1          main.o
    0x20000bf8        -       0x0000004c   Zero   RW          294    .bss.htim2          timer.o
    0x20000c44        -       0x0000004c   Zero   RW          295    .bss.htim3          timer.o
    0x20000c90        -       0x0000004c   Zero   RW          223    .bss.htim6          tim.o
    0x20000cdc        -       0x0000004c   Zero   RW          224    .bss.htim7          tim.o
    0x20000d28        -       0x00000080   Zero   RW          313    .bss.huart1         main.o
    0x20000da8        -       0x00000080   Zero   RW          314    .bss.huart2         main.o
    0x20000e28        -       0x00000080   Zero   RW          202    .bss.huart3         usart3.o
    0x20000ea8        -       0x00000004   Zero   RW           34    .bss.ledcontrol     2task.o
    0x20000eac        -       0x00000004   Zero   RW           44    .bss.len_temp       2task.o
    0x20000eb0        -       0x00000100   Zero   RW           28    .bss.link_buff      2task.o
    0x20000fb0        -       0x00000004   Zero   RW           29    .bss.link_len       2task.o
    0x20000fb4        -       0x0000012c   Zero   RW           38    .bss.mqtt_fifo      2task.o
    0x200010e0        -       0x00000004   Zero   RW           45    .bss.mqtt_fifo_len  2task.o
    0x200010e4        -       0x0000000a   Zero   RW           35    .bss.mqtt_ping_fifo  2task.o
    0x200010ee        -       0x00000001   Zero   RW           36    .bss.mqtt_ping_fifo_len  2task.o
    0x200010ef   COMPRESSED   0x00000001   PAD
    0x200010f0        -       0x00008040   Zero   RW          398    .bss.os             rtx_lib.o
    0x20009130        -       0x00000001   Zero   RW         2707    .bss.os             RTX_CM4F.lib(os_systick.o)
    0x20009131   COMPRESSED   0x00000003   PAD
    0x20009134        -       0x00000034   Zero   RW          408    .bss.os.msgqueue.cb  rtx_lib.o
    0x20009168        -       0x00000050   Zero   RW          409    .bss.os.msgqueue.mem  rtx_lib.o
    0x200091b8        -       0x00000088   Zero   RW          405    .bss.os.thread.cb   rtx_lib.o
    0x20009240        -       0x00000200   Zero   RW          406    .bss.os.thread.idle.stack  rtx_lib.o
    0x20009440        -       0x00000200   Zero   RW          407    .bss.os.thread.timer.stack  rtx_lib.o
    0x20009640        -       0x00000004   Zero   RW           43    .bss.packid         2task.o
    0x20009644        -       0x00000100   Zero   RW           37    .bss.publish_buff   2task.o
    0x20009744        -       0x00000080   Zero   RW           55    .bss.publish_topic  2task.o
    0x200097c4        -       0x00000020   Zero   RW           53    .bss.regs           2task.o
    0x200097e4        -       0x00000004   Zero   RW           42    .bss.req_qos        2task.o
    0x200097e8        -       0x00000004   Zero   RW           47    .bss.send_time      2task.o
    0x200097ec        -       0x0000018c   Zero   RW           40    .bss.sign_mqtt      2task.o
    0x20009978        -       0x00000004   Zero   RW           57    .bss.tid_Thread1    2task.o
    0x2000997c        -       0x00000004   Zero   RW           58    .bss.tid_Thread2    2task.o
    0x20009980        -       0x00000004   Zero   RW           59    .bss.tid_Thread3    2task.o
    0x20009984        -       0x0000000c   Zero   RW           48    .bss.topic_string   2task.o
    0x20009990        -       0x00000002   Zero   RW          253    .bss.tvoc           cc811.o
    0x20009992   COMPRESSED   0x00000006   PAD
    0x20009998        -       0x00000400   Zero   RW         1644    STACK               startup_stm32l476xx.o


==============================================================================

Image component sizes


      Code (inc. data)   RO Data    RW Data    ZI Data      Debug   Object Name

      2226        464        185        104       2005      10052   2task.o
       114          0          0          0          8       2991   app_main.o
        74          0          0          0          0       2292   beep.o
       608         36        202          0          0       2093   bsp_wifi.o
       216          0          0          0         17       4551   cc811.o
       106          0          0          0          4       1714   delay.o
       168          0          0          0          0       4267   gpio.o
       412          0          0          0          0       3138   hts221_iic_device.o
       480          0         48          0         16      21429   i2c_stm32l4xx.o
       168          0         16          0          0       3512   led.o
       242          0          0          0        332       7787   main.o
         4          0          0          0          0        698   rtx_config.o
         0          0        268          0      34124       5560   rtx_lib.o
        16          0          0          0          0       5360   serial_port.o
        36          8        392          0       1024        876   startup_stm32l476xx.o
       156          0          0          5          0       9088   stm32l4xx_hal.o
       282          0          0          0          0      10974   stm32l4xx_hal_cortex.o
        94          0          0          0          0       7466   stm32l4xx_hal_dma.o
       472          0          0          0          0       5589   stm32l4xx_hal_gpio.o
      3968         50          0          0          0      38314   stm32l4xx_hal_i2c.o
       146          0          0          0          0       6227   stm32l4xx_hal_i2c_ex.o
       230          0          0          0          0       8560   stm32l4xx_hal_msp.o
       134          0          0          0          0       9744   stm32l4xx_hal_pwr_ex.o
      2212          0          0          0          0       9640   stm32l4xx_hal_rcc.o
      1704          8          0          0          0      14263   stm32l4xx_hal_rcc_ex.o
      2462         14          0          0          0      47209   stm32l4xx_hal_tim.o
       200          0          0          0          0      19994   stm32l4xx_hal_tim_ex.o
      2208         62          0          0          0      22572   stm32l4xx_hal_uart.o
         2          0          0          0          0       5990   stm32l4xx_hal_uart_ex.o
        32          0          0          0          0       1427   stm32l4xx_it.o
        82          0         72          4          0       3317   system_stm32l4xx.o
       360          0          0          0        152       7670   tim.o
       318          0          0          0        152       6951   timer.o
        48          0          0          0          0       1438   transport.o
       554          0          0          0        128       8165   usart3.o

    ----------------------------------------------------------------------
     20702        642       1216        116      37972     320918   Object Totals
         0          0         32          0          0          0   (incl. Generated)
       168          0          1          3         10          0   (incl. Padding)

    ----------------------------------------------------------------------

      Code (inc. data)   RO Data    RW Data    ZI Data      Debug   Library Member Name

       212         12          0          0          0        634   irq_armv7m.o
       114         20          0          0          1       3200   os_systick.o
        58          4          0          0          0       2791   rtx_delay.o
       592         44         11        164          0      16501   rtx_kernel.o
       228          0          0          0          0       2537   rtx_memory.o
       188          0          0          0          0      16008   rtx_mempool.o
      1316         24          0          0          0      18657   rtx_msgqueue.o
       138          0          0          0          0       9962   rtx_mutex.o
       368         18          0          0          0       5296   rtx_system.o
      1648         52          0          0          0      31847   rtx_thread.o
       248         16          0          0          0      10397   rtx_timer.o
        58          0          0          0          0          0   __dczerorl.o
         0          0          0          0          0          0   entry.o
         0          0          0          0          0          0   entry10a.o
         0          0          0          0          0          0   entry11a.o
         8          4          0          0          0          0   entry2.o
         4          0          0          0          0          0   entry5.o
         0          0          0          0          0          0   entry7b.o
         0          0          0          0          0          0   entry8b.o
         8          4          0          0          0          0   entry9a.o
        30          0          0          0          0          0   handlers.o
        36          8          0          0          0         68   init.o
         0          0          0          0          0          0   iusefp.o
        30          0          0          0          0         68   llshl.o
        36          0          0          0          0         68   llsshr.o
        32          0          0          0          0         68   llushr.o
        36          0          0          0          0         68   memcpya.o
        36          0          0          0          0        108   memseta.o
      2320         96          0          0          0        604   printfa.o
        36          6          0          0          0         80   puts.o
         0          0          0          4          0          0   stdout.o
        18          0          0          0          0         68   strcpy.o
        14          0          0          0          0         68   strlen.o
        36          0          0          0          0         80   strstr.o
        44          0          0          0          0         80   uidiv.o
       104          0          0          0          0         92   uldiv.o
        48          0          0          0          0         68   cdrcmple.o
       350          0          0          0          0        148   dadd.o
       222          0          0          0          0        100   ddiv.o
       186          0          0          0          0        176   depilogue.o
        48          0          0          0          0         68   dfixul.o
       234          0          0          0          0         96   dmul.o
        38          0          0          0          0         68   f2d.o
       454         18          0          0          0       6407   mqttconnectclient.o
       232          6          0          0          0       5264   mqttpacket.o
       170          0          0          0          0       2450   mqttserializepublish.o
      1164        144        299         80          0      10076   sign_mqtt.o
       958         42        320          0          0       8379   sign_sha256.o
       862        300          0          4       2000     732487   drv_serial.o

    ----------------------------------------------------------------------
     12990        818        632        252       2004     885137   Library Totals
        28          0          2          0          3          0   (incl. Padding)

    ----------------------------------------------------------------------

      Code (inc. data)   RO Data    RW Data    ZI Data      Debug   Library Name

      5110        190         11        164          1     117830   RTX_CM4F.lib
      2886        118          0          4          0       1520   mc_w.l
      1126          0          0          0          0        724   mf_w.l
      2978        210        619         80          0      32576   mqtt.lib
       862        300          0          4       2000     732487   serial.lib

    ----------------------------------------------------------------------
     12990        818        632        252       2004     885137   Library Totals

    ----------------------------------------------------------------------

==============================================================================


      Code (inc. data)   RO Data    RW Data    ZI Data      Debug   

     33692       1460       1848        368      39976    1201659   Grand Totals
     33692       1460       1848        128      39976    1201659   ELF Image Totals (compressed)
     33692       1460       1848        128          0          0   ROM Totals

==============================================================================

    Total RO  Size (Code + RO Data)                35540 (  34.71kB)
    Total RW  Size (RW Data + ZI Data)             40344 (  39.40kB)
    Total ROM Size (Code + RO Data + RW Data)      35668 (  34.83kB)

==============================================================================

